Archive member included to satisfy reference by file (symbol)

/usr/local/Cellar/arm-none-eabi-gcc/10.3-2021.07/gcc/bin/../lib/gcc/arm-none-eabi/10.3.1/thumb/v7-m/nofp/libgcc.a(_arm_muldf3.o)
                              CMakeFiles/Pin_Robot.elf.dir/Core/Src/PID.c.obj (__aeabi_dmul)
/usr/local/Cellar/arm-none-eabi-gcc/10.3-2021.07/gcc/bin/../lib/gcc/arm-none-eabi/10.3.1/thumb/v7-m/nofp/libgcc.a(_arm_addsubdf3.o)
                              CMakeFiles/Pin_Robot.elf.dir/Core/Src/PID.c.obj (__aeabi_dadd)
/usr/local/Cellar/arm-none-eabi-gcc/10.3-2021.07/gcc/bin/../lib/gcc/arm-none-eabi/10.3.1/thumb/v7-m/nofp/libgcc.a(_arm_fixdfsi.o)
                              CMakeFiles/Pin_Robot.elf.dir/Core/Src/PID.c.obj (__aeabi_d2iz)
/usr/local/Cellar/arm-none-eabi-gcc/10.3-2021.07/gcc/bin/../lib/gcc/arm-none-eabi/10.3.1/thumb/v7-m/nofp/libgcc.a(_arm_addsubsf3.o)
                              CMakeFiles/Pin_Robot.elf.dir/Core/Src/PID.c.obj (__aeabi_fsub)
/usr/local/Cellar/arm-none-eabi-gcc/10.3-2021.07/gcc/bin/../lib/gcc/arm-none-eabi/10.3.1/../../../../arm-none-eabi/lib/thumb/v7-m/nofp/libg.a(lib_a-errno.o)
                              CMakeFiles/Pin_Robot.elf.dir/Core/Src/syscalls.c.obj (__errno)
/usr/local/Cellar/arm-none-eabi-gcc/10.3-2021.07/gcc/bin/../lib/gcc/arm-none-eabi/10.3.1/../../../../arm-none-eabi/lib/thumb/v7-m/nofp/libg.a(lib_a-exit.o)
                              /usr/local/Cellar/arm-none-eabi-gcc/10.3-2021.07/gcc/bin/../lib/gcc/arm-none-eabi/10.3.1/../../../../arm-none-eabi/lib/thumb/v7-m/nofp/crt0.o (exit)
/usr/local/Cellar/arm-none-eabi-gcc/10.3-2021.07/gcc/bin/../lib/gcc/arm-none-eabi/10.3.1/../../../../arm-none-eabi/lib/thumb/v7-m/nofp/libg.a(lib_a-impure.o)
                              /usr/local/Cellar/arm-none-eabi-gcc/10.3-2021.07/gcc/bin/../lib/gcc/arm-none-eabi/10.3.1/../../../../arm-none-eabi/lib/thumb/v7-m/nofp/libg.a(lib_a-exit.o) (_global_impure_ptr)
/usr/local/Cellar/arm-none-eabi-gcc/10.3-2021.07/gcc/bin/../lib/gcc/arm-none-eabi/10.3.1/../../../../arm-none-eabi/lib/thumb/v7-m/nofp/libg.a(lib_a-init.o)
                              /usr/local/Cellar/arm-none-eabi-gcc/10.3-2021.07/gcc/bin/../lib/gcc/arm-none-eabi/10.3.1/../../../../arm-none-eabi/lib/thumb/v7-m/nofp/crt0.o (__libc_init_array)
/usr/local/Cellar/arm-none-eabi-gcc/10.3-2021.07/gcc/bin/../lib/gcc/arm-none-eabi/10.3.1/../../../../arm-none-eabi/lib/thumb/v7-m/nofp/libg.a(lib_a-memset.o)
                              /usr/local/Cellar/arm-none-eabi-gcc/10.3-2021.07/gcc/bin/../lib/gcc/arm-none-eabi/10.3.1/../../../../arm-none-eabi/lib/thumb/v7-m/nofp/crt0.o (memset)
/usr/local/Cellar/arm-none-eabi-gcc/10.3-2021.07/gcc/bin/../lib/gcc/arm-none-eabi/10.3.1/../../../../arm-none-eabi/lib/thumb/v7-m/nofp/libg.a(lib_a-printf.o)
                              CMakeFiles/Pin_Robot.elf.dir/Core/Src/main.c.obj (printf)
/usr/local/Cellar/arm-none-eabi-gcc/10.3-2021.07/gcc/bin/../lib/gcc/arm-none-eabi/10.3.1/../../../../arm-none-eabi/lib/thumb/v7-m/nofp/libg.a(lib_a-puts.o)
                              CMakeFiles/Pin_Robot.elf.dir/Core/Src/main.c.obj (puts)
/usr/local/Cellar/arm-none-eabi-gcc/10.3-2021.07/gcc/bin/../lib/gcc/arm-none-eabi/10.3.1/../../../../arm-none-eabi/lib/thumb/v7-m/nofp/libg.a(lib_a-strlen-stub.o)
                              CMakeFiles/Pin_Robot.elf.dir/Core/Src/main.c.obj (strlen)
/usr/local/Cellar/arm-none-eabi-gcc/10.3-2021.07/gcc/bin/../lib/gcc/arm-none-eabi/10.3.1/../../../../arm-none-eabi/lib/thumb/v7-m/nofp/libg.a(lib_a-vfprintf.o)
                              /usr/local/Cellar/arm-none-eabi-gcc/10.3-2021.07/gcc/bin/../lib/gcc/arm-none-eabi/10.3.1/../../../../arm-none-eabi/lib/thumb/v7-m/nofp/libg.a(lib_a-printf.o) (_vfprintf_r)
/usr/local/Cellar/arm-none-eabi-gcc/10.3-2021.07/gcc/bin/../lib/gcc/arm-none-eabi/10.3.1/../../../../arm-none-eabi/lib/thumb/v7-m/nofp/libg.a(lib_a-wsetup.o)
                              /usr/local/Cellar/arm-none-eabi-gcc/10.3-2021.07/gcc/bin/../lib/gcc/arm-none-eabi/10.3.1/../../../../arm-none-eabi/lib/thumb/v7-m/nofp/libg.a(lib_a-vfprintf.o) (__swsetup_r)
/usr/local/Cellar/arm-none-eabi-gcc/10.3-2021.07/gcc/bin/../lib/gcc/arm-none-eabi/10.3.1/../../../../arm-none-eabi/lib/thumb/v7-m/nofp/libg.a(lib_a-__call_atexit.o)
                              /usr/local/Cellar/arm-none-eabi-gcc/10.3-2021.07/gcc/bin/../lib/gcc/arm-none-eabi/10.3.1/../../../../arm-none-eabi/lib/thumb/v7-m/nofp/libg.a(lib_a-exit.o) (__call_exitprocs)
/usr/local/Cellar/arm-none-eabi-gcc/10.3-2021.07/gcc/bin/../lib/gcc/arm-none-eabi/10.3.1/../../../../arm-none-eabi/lib/thumb/v7-m/nofp/libg.a(lib_a-atexit.o)
                              /usr/local/Cellar/arm-none-eabi-gcc/10.3-2021.07/gcc/bin/../lib/gcc/arm-none-eabi/10.3.1/../../../../arm-none-eabi/lib/thumb/v7-m/nofp/libg.a(lib_a-__call_atexit.o) (atexit)
/usr/local/Cellar/arm-none-eabi-gcc/10.3-2021.07/gcc/bin/../lib/gcc/arm-none-eabi/10.3.1/../../../../arm-none-eabi/lib/thumb/v7-m/nofp/libg.a(lib_a-dtoa.o)
[...]
Memory Configuration

Name             Origin             Length             Attributes
RAM              0x0000000020000000 0x0000000000010000 xrw
FLASH            0x0000000008000000 0x0000000000080000 xr
*default*        0x0000000000000000 0xffffffffffffffff

Linker script and memory map

LOAD /usr/local/Cellar/arm-none-eabi-gcc/10.3-2021.07/gcc/bin/../lib/gcc/arm-none-eabi/10.3.1/thumb/v7-m/nofp/crti.o
LOAD /usr/local/Cellar/arm-none-eabi-gcc/10.3-2021.07/gcc/bin/../lib/gcc/arm-none-eabi/10.3.1/thumb/v7-m/nofp/crtbegin.o
LOAD /usr/local/Cellar/arm-none-eabi-gcc/10.3-2021.07/gcc/bin/../lib/gcc/arm-none-eabi/10.3.1/../../../../arm-none-eabi/lib/thumb/v7-m/nofp/crt0.o
LOAD CMakeFiles/Pin_Robot.elf.dir/Core/Src/Echo.c.obj
LOAD CMakeFiles/Pin_Robot.elf.dir/Core/Src/PID.c.obj
LOAD CMakeFiles/Pin_Robot.elf.dir/Core/Src/adc.c.obj
LOAD CMakeFiles/Pin_Robot.elf.dir/Core/Src/dma.c.obj
LOAD CMakeFiles/Pin_Robot.elf.dir/Core/Src/gpio.c.obj
LOAD CMakeFiles/Pin_Robot.elf.dir/Core/Src/i2c.c.obj
LOAD CMakeFiles/Pin_Robot.elf.dir/Core/Src/laser.c.obj
LOAD CMakeFiles/Pin_Robot.elf.dir/Core/Src/main.c.obj
LOAD CMakeFiles/Pin_Robot.elf.dir/Core/Src/motor.c.obj
LOAD CMakeFiles/Pin_Robot.elf.dir/Core/Src/stm32f1xx_hal_msp.c.obj
LOAD CMakeFiles/Pin_Robot.elf.dir/Core/Src/stm32f1xx_it.c.obj
LOAD CMakeFiles/Pin_Robot.elf.dir/Core/Src/syscalls.c.obj
LOAD CMakeFiles/Pin_Robot.elf.dir/Core/Src/sysmem.c.obj
LOAD CMakeFiles/Pin_Robot.elf.dir/Core/Src/system_stm32f1xx.c.obj
LOAD CMakeFiles/Pin_Robot.elf.dir/Core/Src/tim.c.obj
LOAD CMakeFiles/Pin_Robot.elf.dir/Core/Src/usart.c.obj
LOAD CMakeFiles/Pin_Robot.elf.dir/Core/Startup/startup_stm32f103zetx.s.obj
LOAD CMakeFiles/Pin_Robot.elf.dir/Drivers/STM32F1xx_HAL_Driver/Src/stm32f1xx_hal.c.obj
LOAD CMakeFiles/Pin_Robot.elf.dir/Drivers/STM32F1xx_HAL_Driver/Src/stm32f1xx_hal_adc.c.obj
LOAD CMakeFiles/Pin_Robot.elf.dir/Drivers/STM32F1xx_HAL_Driver/Src/stm32f1xx_hal_adc_ex.c.obj
LOAD CMakeFiles/Pin_Robot.elf.dir/Drivers/STM32F1xx_HAL_Driver/Src/stm32f1xx_hal_cortex.c.obj
LOAD CMakeFiles/Pin_Robot.elf.dir/Drivers/STM32F1xx_HAL_Driver/Src/stm32f1xx_hal_dma.c.obj
LOAD CMakeFiles/Pin_Robot.elf.dir/Drivers/STM32F1xx_HAL_Driver/Src/stm32f1xx_hal_exti.c.obj
LOAD CMakeFiles/Pin_Robot.elf.dir/Drivers/STM32F1xx_HAL_Driver/Src/stm32f1xx_hal_flash.c.obj
LOAD CMakeFiles/Pin_Robot.elf.dir/Drivers/STM32F1xx_HAL_Driver/Src/stm32f1xx_hal_flash_ex.c.obj
LOAD CMakeFiles/Pin_Robot.elf.dir/Drivers/STM32F1xx_HAL_Driver/Src/stm32f1xx_hal_gpio.c.obj
LOAD CMakeFiles/Pin_Robot.elf.dir/Drivers/STM32F1xx_HAL_Driver/Src/stm32f1xx_hal_gpio_ex.c.obj
LOAD CMakeFiles/Pin_Robot.elf.dir/Drivers/STM32F1xx_HAL_Driver/Src/stm32f1xx_hal_i2c.c.obj
LOAD CMakeFiles/Pin_Robot.elf.dir/Drivers/STM32F1xx_HAL_Driver/Src/stm32f1xx_hal_pwr.c.obj
LOAD CMakeFiles/Pin_Robot.elf.dir/Drivers/STM32F1xx_HAL_Driver/Src/stm32f1xx_hal_rcc.c.obj
LOAD CMakeFiles/Pin_Robot.elf.dir/Drivers/STM32F1xx_HAL_Driver/Src/stm32f1xx_hal_rcc_ex.c.obj
LOAD CMakeFiles/Pin_Robot.elf.dir/Drivers/STM32F1xx_HAL_Driver/Src/stm32f1xx_hal_tim.c.obj
LOAD CMakeFiles/Pin_Robot.elf.dir/Drivers/STM32F1xx_HAL_Driver/Src/stm32f1xx_hal_tim_ex.c.obj
LOAD CMakeFiles/Pin_Robot.elf.dir/Drivers/STM32F1xx_HAL_Driver/Src/stm32f1xx_hal_uart.c.obj
START GROUP
LOAD /usr/local/Cellar/arm-none-eabi-gcc/10.3-2021.07/gcc/bin/../lib/gcc/arm-none-eabi/10.3.1/thumb/v7-m/nofp/libgcc.a
LOAD /usr/local/Cellar/arm-none-eabi-gcc/10.3-2021.07/gcc/bin/../lib/gcc/arm-none-eabi/10.3.1/../../../../arm-none-eabi/lib/thumb/v7-m/nofp/libg.a
LOAD /usr/local/Cellar/arm-none-eabi-gcc/10.3-2021.07/gcc/bin/../lib/gcc/arm-none-eabi/10.3.1/../../../../arm-none-eabi/lib/thumb/v7-m/nofp/libc.a
END GROUP
LOAD /usr/local/Cellar/arm-none-eabi-gcc/10.3-2021.07/gcc/bin/../lib/gcc/arm-none-eabi/10.3.1/thumb/v7-m/nofp/crtend.o
LOAD /usr/local/Cellar/arm-none-eabi-gcc/10.3-2021.07/gcc/bin/../lib/gcc/arm-none-eabi/10.3.1/thumb/v7-m/nofp/crtn.o
                0x0000000020010000                _estack = (ORIGIN (RAM) + LENGTH (RAM))
                0x0000000000000200                _Min_Heap_Size = 0x200
                0x0000000000000400                _Min_Stack_Size = 0x400

.isr_vector     0x0000000008000000      0x1e4
                0x0000000008000000                . = ALIGN (0x4)
 *(.isr_vector)
 .isr_vector    0x0000000008000000      0x1e4 CMakeFiles/Pin_Robot.elf.dir/Core/Startup/startup_stm32f103zetx.s.obj
                0x0000000008000000                g_pfnVectors
                0x00000000080001e4                . = ALIGN (0x4)

.text           0x00000000080001e8     0xb2e8
                0x00000000080001e8                . = ALIGN (0x4)
 *(.text)
 .text          0x00000000080001e8       0x40 /usr/local/Cellar/arm-none-eabi-gcc/10.3-2021.07/gcc/bin/../lib/gcc/arm-none-eabi/10.3.1/thumb/v7-m/nofp/crtbegin.o
 .text          0x0000000008000228      0x378 /usr/local/Cellar/arm-none-eabi-gcc/10.3-2021.07/gcc/bin/../lib/gcc/arm-none-eabi/10.3.1/thumb/v7-m/nofp/libgcc.a(_arm_addsubdf3.o)
                0x0000000008000228                __aeabi_drsub
                0x0000000008000230                __subdf3
                0x0000000008000230                __aeabi_dsub
                0x0000000008000234                __aeabi_dadd
                0x0000000008000234                __adddf3
                0x00000000080004ac                __aeabi_ui2d
                0x00000000080004ac                __floatunsidf
                0x00000000080004cc                __floatsidf
                0x00000000080004cc                __aeabi_i2d
                0x00000000080004f0                __extendsfdf2
                0x00000000080004f0                __aeabi_f2d
                0x0000000008000534                __aeabi_ul2d
                0x0000000008000534                __floatundidf
                0x0000000008000544                __aeabi_l2d
                0x0000000008000544                __floatdidf
 .text          0x00000000080005a0       0x50 /usr/local/Cellar/arm-none-eabi-gcc/10.3-2021.07/gcc/bin/../lib/gcc/arm-none-eabi/10.3.1/thumb/v7-m/nofp/libgcc.a(_arm_fixdfsi.o)
                0x00000000080005a0                __fixdfsi
                0x00000000080005a0                __aeabi_d2iz
 .text          0x00000000080005f0      0x21c /usr/local/Cellar/arm-none-eabi-gcc/10.3-2021.07/gcc/bin/../lib/gcc/arm-none-eabi/10.3.1/thumb/v7-m/nofp/libgcc.a(_arm_addsubsf3.o)
                0x00000000080005f0                __aeabi_frsub
                0x00000000080005f8                __aeabi_fsub
                0x00000000080005f8                __subsf3
                0x00000000080005fc                __aeabi_fadd
                0x00000000080005fc                __addsf3
                0x000000000800075c                __aeabi_ui2f
                0x000000000800075c                __floatunsisf
                0x0000000008000764                __floatsisf
                0x0000000008000764                __aeabi_i2f
                0x0000000008000780                __aeabi_ul2f
                0x0000000008000780                __floatundisf
                0x0000000008000790                __aeabi_l2f
                0x0000000008000790                __floatdisf
 .text          0x000000000800080c       0xec /usr/local/Cellar/arm-none-eabi-gcc/10.3-2021.07/gcc/bin/../lib/gcc/arm-none-eabi/10.3.1/../../../../arm-none-eabi/lib/thumb/v7-m/nofp/libg.a(lib_a-memcpy.o)
                0x000000000800080c                memcpy
 .text          0x00000000080008f8      0x424 /usr/local/Cellar/arm-none-eabi-gcc/10.3-2021.07/gcc/bin/../lib/gcc/arm-none-eabi/10.3.1/thumb/v7-m/nofp/libgcc.a(_arm_muldivdf3.o)
                0x00000000080008f8                __aeabi_dmul
                0x00000000080008f8                __muldf3
                0x0000000008000b4c                __aeabi_ddiv
                0x0000000008000b4c                __divdf3
 .text          0x0000000008000d1c      0x110 /usr/local/Cellar/arm-none-eabi-gcc/10.3-2021.07/gcc/bin/../lib/gcc/arm-none-eabi/10.3.1/thumb/v7-m/nofp/libgcc.a(_arm_cmpdf2.o)
                0x0000000008000d1c                __gedf2
                0x0000000008000d1c                __gtdf2
                0x0000000008000d24                __ledf2
                0x0000000008000d24                __ltdf2
                0x0000000008000d2c                __cmpdf2
                0x0000000008000d2c                __eqdf2
                0x0000000008000d2c                __nedf2
                0x0000000008000da8                __aeabi_cdrcmple
                0x0000000008000db8                __aeabi_cdcmple
                0x0000000008000db8                __aeabi_cdcmpeq
                0x0000000008000dc8                __aeabi_dcmpeq
                0x0000000008000ddc                __aeabi_dcmplt
                0x0000000008000df0                __aeabi_dcmple
                0x0000000008000e04                __aeabi_dcmpge
                0x0000000008000e18                __aeabi_dcmpgt
 .text          0x0000000008000e2c       0x2c /usr/local/Cellar/arm-none-eabi-gcc/10.3-2021.07/gcc/bin/../lib/gcc/arm-none-eabi/10.3.1/thumb/v7-m/nofp/libgcc.a(_arm_unorddf2.o)
                0x0000000008000e2c                __aeabi_dcmpun
                0x0000000008000e2c                __unorddf2
 .text          0x0000000008000e58       0x30 /usr/local/Cellar/arm-none-eabi-gcc/10.3-2021.07/gcc/bin/../lib/gcc/arm-none-eabi/10.3.1/thumb/v7-m/nofp/libgcc.a(_aeabi_uldivmod.o)
                0x0000000008000e58                __aeabi_uldivmod
 .text          0x0000000008000e88      0x2d4 /usr/local/Cellar/arm-none-eabi-gcc/10.3-2021.07/gcc/bin/../lib/gcc/arm-none-eabi/10.3.1/thumb/v7-m/nofp/libgcc.a(_udivmoddi4.o)
                0x0000000008000e88                __udivmoddi4
 .text          0x000000000800115c        0x4 /usr/local/Cellar/arm-none-eabi-gcc/10.3-2021.07/gcc/bin/../lib/gcc/arm-none-eabi/10.3.1/thumb/v7-m/nofp/libgcc.a(_dvmd_tls.o)
                0x000000000800115c                __aeabi_ldiv0
                0x000000000800115c                __aeabi_idiv0
 *(.text*)
 .text.GetSpeed
                0x0000000008001160       0x5c CMakeFiles/Pin_Robot.elf.dir/Core/Src/PID.c.obj
                0x0000000008001160                GetSpeed
 *fill*         0x00000000080011bc        0x4 
 .text.PID_Cal  0x00000000080011c0       0xcc CMakeFiles/Pin_Robot.elf.dir/Core/Src/PID.c.obj
                0x00000000080011c0                PID_Cal
 *fill*         0x000000000800128c        0x4 
 .text.PID_Cal2
                0x0000000008001290       0xcc CMakeFiles/Pin_Robot.elf.dir/Core/Src/PID.c.obj
                0x0000000008001290                PID_Cal2
 *fill*         0x000000000800135c        0x4 
 .text.PID_Cal3
                0x0000000008001360       0xcc CMakeFiles/Pin_Robot.elf.dir/Core/Src/PID.c.obj
                0x0000000008001360                PID_Cal3
 *fill*         0x000000000800142c        0x4 
 .text.PID_Cal4
                0x0000000008001430       0xcc CMakeFiles/Pin_Robot.elf.dir/Core/Src/PID.c.obj
                0x0000000008001430                PID_Cal4
 .text.MX_ADC1_Init
                0x00000000080014fc       0xf0 CMakeFiles/Pin_Robot.elf.dir/Core/Src/adc.c.obj
                0x00000000080014fc                MX_ADC1_Init
 .text.HAL_ADC_MspInit
                0x00000000080015ec       0xa4 CMakeFiles/Pin_Robot.elf.dir/Core/Src/adc.c.obj
                0x00000000080015ec                HAL_ADC_MspInit
 .text.MX_DMA_Init
                0x0000000008001690       0x44 CMakeFiles/Pin_Robot.elf.dir/Core/Src/dma.c.obj
                0x0000000008001690                MX_DMA_Init
 .text.MX_GPIO_Init
                0x00000000080016d4      0x140 CMakeFiles/Pin_Robot.elf.dir/Core/Src/gpio.c.obj
                0x00000000080016d4                MX_GPIO_Init
 .text.MX_I2C1_Init
                0x0000000008001814       0x3c CMakeFiles/Pin_Robot.elf.dir/Core/Src/i2c.c.obj
                0x0000000008001814                MX_I2C1_Init
 .text.HAL_I2C_MspInit
                0x0000000008001850       0xac CMakeFiles/Pin_Robot.elf.dir/Core/Src/i2c.c.obj
                0x0000000008001850                HAL_I2C_MspInit
 .text.getDis   0x00000000080018fc       0x18 CMakeFiles/Pin_Robot.elf.dir/Core/Src/laser.c.obj
                0x00000000080018fc                getDis
 .text.__io_putchar
                0x0000000008001914       0x20 CMakeFiles/Pin_Robot.elf.dir/Core/Src/main.c.obj
                0x0000000008001914                __io_putchar
 .text.HAL_UART_TxCpltCallback
                0x0000000008001934        0x2 CMakeFiles/Pin_Robot.elf.dir/Core/Src/main.c.obj
                0x0000000008001934                HAL_UART_TxCpltCallback
 *fill*         0x0000000008001936        0x2 
 .text.HAL_TIM_PeriodElapsedCallback
                0x0000000008001938       0xf0 CMakeFiles/Pin_Robot.elf.dir/Core/Src/main.c.obj
                0x0000000008001938                HAL_TIM_PeriodElapsedCallback
 .text.HAL_UART_RxCpltCallback
                0x0000000008001a28      0x1a8 CMakeFiles/Pin_Robot.elf.dir/Core/Src/main.c.obj
                0x0000000008001a28                HAL_UART_RxCpltCallback
 .text.Error_Handler
                0x0000000008001bd0        0x4 CMakeFiles/Pin_Robot.elf.dir/Core/Src/main.c.obj
                0x0000000008001bd0                Error_Handler
 .text.SystemClock_Config
                0x0000000008001bd4       0x86 CMakeFiles/Pin_Robot.elf.dir/Core/Src/main.c.obj
                0x0000000008001bd4                SystemClock_Config
 *fill*         0x0000000008001c5a        0x2 
 .text.main     0x0000000008001c5c      0x1cc CMakeFiles/Pin_Robot.elf.dir/Core/Src/main.c.obj
                0x0000000008001c5c                main
 .text.motor_stop
                0x0000000008001e28       0x64 CMakeFiles/Pin_Robot.elf.dir/Core/Src/motor.c.obj
                0x0000000008001e28                motor_stop
 .text.__Motor_rotate
                0x0000000008001e8c       0x7c CMakeFiles/Pin_Robot.elf.dir/Core/Src/motor.c.obj
                0x0000000008001e8c                __Motor_rotate
 .text.__Motor_In_rotate
                0x0000000008001f08       0x7c CMakeFiles/Pin_Robot.elf.dir/Core/Src/motor.c.obj
                0x0000000008001f08                __Motor_In_rotate
 .text.motor_rotate_All
                0x0000000008001f84       0x38 CMakeFiles/Pin_Robot.elf.dir/Core/Src/motor.c.obj
                0x0000000008001f84                motor_rotate_All
 .text.HAL_MspInit
                0x0000000008001fbc       0x44 CMakeFiles/Pin_Robot.elf.dir/Core/Src/stm32f1xx_hal_msp.c.obj
                0x0000000008001fbc                HAL_MspInit
 .text.NMI_Handler
                0x0000000008002000        0x2 CMakeFiles/Pin_Robot.elf.dir/Core/Src/stm32f1xx_it.c.obj
                0x0000000008002000                NMI_Handler
 .text.HardFault_Handler
                0x0000000008002002        0x2 CMakeFiles/Pin_Robot.elf.dir/Core/Src/stm32f1xx_it.c.obj
                0x0000000008002002                HardFault_Handler
 .text.MemManage_Handler
                0x0000000008002004        0x2 CMakeFiles/Pin_Robot.elf.dir/Core/Src/stm32f1xx_it.c.obj
                0x0000000008002004                MemManage_Handler
 .text.BusFault_Handler
                0x0000000008002006        0x2 CMakeFiles/Pin_Robot.elf.dir/Core/Src/stm32f1xx_it.c.obj
                0x0000000008002006                BusFault_Handler
 .text.UsageFault_Handler
                0x0000000008002008        0x2 CMakeFiles/Pin_Robot.elf.dir/Core/Src/stm32f1xx_it.c.obj
                0x0000000008002008                UsageFault_Handler
 .text.SVC_Handler
                0x000000000800200a        0x2 CMakeFiles/Pin_Robot.elf.dir/Core/Src/stm32f1xx_it.c.obj
                0x000000000800200a                SVC_Handler
 .text.DebugMon_Handler
                0x000000000800200c        0x2 CMakeFiles/Pin_Robot.elf.dir/Core/Src/stm32f1xx_it.c.obj
                0x000000000800200c                DebugMon_Handler
 .text.PendSV_Handler
                0x000000000800200e        0x2 CMakeFiles/Pin_Robot.elf.dir/Core/Src/stm32f1xx_it.c.obj
                0x000000000800200e                PendSV_Handler
 .text.SysTick_Handler
                0x0000000008002010        0x8 CMakeFiles/Pin_Robot.elf.dir/Core/Src/stm32f1xx_it.c.obj
                0x0000000008002010                SysTick_Handler
 .text.DMA1_Channel2_IRQHandler
                0x0000000008002018       0x10 CMakeFiles/Pin_Robot.elf.dir/Core/Src/stm32f1xx_it.c.obj
                0x0000000008002018                DMA1_Channel2_IRQHandler
 .text.DMA1_Channel3_IRQHandler
                0x0000000008002028       0x10 CMakeFiles/Pin_Robot.elf.dir/Core/Src/stm32f1xx_it.c.obj
                0x0000000008002028                DMA1_Channel3_IRQHandler
 .text.USART1_IRQHandler
                0x0000000008002038       0x10 CMakeFiles/Pin_Robot.elf.dir/Core/Src/stm32f1xx_it.c.obj
                0x0000000008002038                USART1_IRQHandler
 .text.USART2_IRQHandler
                0x0000000008002048       0x10 CMakeFiles/Pin_Robot.elf.dir/Core/Src/stm32f1xx_it.c.obj
                0x0000000008002048                USART2_IRQHandler
 .text.USART3_IRQHandler
                0x0000000008002058       0x10 CMakeFiles/Pin_Robot.elf.dir/Core/Src/stm32f1xx_it.c.obj
                0x0000000008002058                USART3_IRQHandler
 .text.UART4_IRQHandler
                0x0000000008002068       0x10 CMakeFiles/Pin_Robot.elf.dir/Core/Src/stm32f1xx_it.c.obj
                0x0000000008002068                UART4_IRQHandler
 .text.UART5_IRQHandler
                0x0000000008002078       0x10 CMakeFiles/Pin_Robot.elf.dir/Core/Src/stm32f1xx_it.c.obj
                0x0000000008002078                UART5_IRQHandler
 .text.TIM7_IRQHandler
                0x0000000008002088       0x10 CMakeFiles/Pin_Robot.elf.dir/Core/Src/stm32f1xx_it.c.obj
                0x0000000008002088                TIM7_IRQHandler
 .text._getpid  0x0000000008002098        0x4 CMakeFiles/Pin_Robot.elf.dir/Core/Src/syscalls.c.obj
                0x0000000008002098                _getpid
 .text._kill    0x000000000800209c       0x10 CMakeFiles/Pin_Robot.elf.dir/Core/Src/syscalls.c.obj
                0x000000000800209c                _kill
 .text._exit    0x00000000080020ac        0xc CMakeFiles/Pin_Robot.elf.dir/Core/Src/syscalls.c.obj
                0x00000000080020ac                _exit
 .text._read    0x00000000080020b8       0x20 CMakeFiles/Pin_Robot.elf.dir/Core/Src/syscalls.c.obj
                0x00000000080020b8                _read
 .text._write   0x00000000080020d8       0x1c CMakeFiles/Pin_Robot.elf.dir/Core/Src/syscalls.c.obj
                0x00000000080020d8                _write
 .text._close   0x00000000080020f4        0x6 CMakeFiles/Pin_Robot.elf.dir/Core/Src/syscalls.c.obj
                0x00000000080020f4                _close
 .text._fstat   0x00000000080020fa        0xa CMakeFiles/Pin_Robot.elf.dir/Core/Src/syscalls.c.obj
                0x00000000080020fa                _fstat
 .text._isatty  0x0000000008002104        0x4 CMakeFiles/Pin_Robot.elf.dir/Core/Src/syscalls.c.obj
                0x0000000008002104                _isatty
 .text._lseek   0x0000000008002108        0x4 CMakeFiles/Pin_Robot.elf.dir/Core/Src/syscalls.c.obj
                0x0000000008002108                _lseek
 .text._sbrk    0x000000000800210c       0x48 CMakeFiles/Pin_Robot.elf.dir/Core/Src/sysmem.c.obj
                0x000000000800210c                _sbrk
 .text.SystemInit
                0x0000000008002154        0x2 CMakeFiles/Pin_Robot.elf.dir/Core/Src/system_stm32f1xx.c.obj
                0x0000000008002154                SystemInit
 *fill*         0x0000000008002156        0x2 
 .text.MX_TIM2_Init
                0x0000000008002158       0x68 CMakeFiles/Pin_Robot.elf.dir/Core/Src/tim.c.obj
                0x0000000008002158                MX_TIM2_Init
 .text.MX_TIM7_Init
                0x00000000080021c0       0x50 CMakeFiles/Pin_Robot.elf.dir/Core/Src/tim.c.obj
                0x00000000080021c0                MX_TIM7_Init
 .text.MX_TIM8_Init
                0x0000000008002210       0x64 CMakeFiles/Pin_Robot.elf.dir/Core/Src/tim.c.obj
                0x0000000008002210                MX_TIM8_Init
 .text.HAL_TIM_PWM_MspInit
                0x0000000008002274       0xe4 CMakeFiles/Pin_Robot.elf.dir/Core/Src/tim.c.obj
                0x0000000008002274                HAL_TIM_PWM_MspInit
 .text.HAL_TIM_Encoder_MspInit
                0x0000000008002358       0xdc CMakeFiles/Pin_Robot.elf.dir/Core/Src/tim.c.obj
                0x0000000008002358                HAL_TIM_Encoder_MspInit
 .text.HAL_TIM_Base_MspInit
                0x0000000008002434       0x40 CMakeFiles/Pin_Robot.elf.dir/Core/Src/tim.c.obj
                0x0000000008002434                HAL_TIM_Base_MspInit
 .text.HAL_TIM_MspPostInit
                0x0000000008002474       0xe0 CMakeFiles/Pin_Robot.elf.dir/Core/Src/tim.c.obj
                0x0000000008002474                HAL_TIM_MspPostInit
 .text.MX_TIM1_Init
                0x0000000008002554      0x100 CMakeFiles/Pin_Robot.elf.dir/Core/Src/tim.c.obj
                0x0000000008002554                MX_TIM1_Init
 .text.MX_TIM4_Init
                0x0000000008002654       0xcc CMakeFiles/Pin_Robot.elf.dir/Core/Src/tim.c.obj
                0x0000000008002654                MX_TIM4_Init
 .text.MX_TIM5_Init
                0x0000000008002720       0x84 CMakeFiles/Pin_Robot.elf.dir/Core/Src/tim.c.obj
                0x0000000008002720                MX_TIM5_Init
 .text.MX_UART4_Init
                0x00000000080027a4       0x34 CMakeFiles/Pin_Robot.elf.dir/Core/Src/usart.c.obj
                0x00000000080027a4                MX_UART4_Init
 .text.MX_UART5_Init
                0x00000000080027d8       0x34 CMakeFiles/Pin_Robot.elf.dir/Core/Src/usart.c.obj
                0x00000000080027d8                MX_UART5_Init
 .text.MX_USART1_UART_Init
                0x000000000800280c       0x34 CMakeFiles/Pin_Robot.elf.dir/Core/Src/usart.c.obj
                0x000000000800280c                MX_USART1_UART_Init
 .text.MX_USART2_UART_Init
                0x0000000008002840       0x34 CMakeFiles/Pin_Robot.elf.dir/Core/Src/usart.c.obj
                0x0000000008002840                MX_USART2_UART_Init
 .text.MX_USART3_UART_Init
                0x0000000008002874       0x34 CMakeFiles/Pin_Robot.elf.dir/Core/Src/usart.c.obj
                0x0000000008002874                MX_USART3_UART_Init
 .text.HAL_UART_MspInit
                0x00000000080028a8      0x2e8 CMakeFiles/Pin_Robot.elf.dir/Core/Src/usart.c.obj
                0x00000000080028a8                HAL_UART_MspInit
 .text.Reset_Handler
                0x0000000008002b90       0x48 CMakeFiles/Pin_Robot.elf.dir/Core/Startup/startup_stm32f103zetx.s.obj
                0x0000000008002b90                Reset_Handler
 .text.Default_Handler
                0x0000000008002bd8        0x2 CMakeFiles/Pin_Robot.elf.dir/Core/Startup/startup_stm32f103zetx.s.obj
                0x0000000008002bd8                DMA2_Channel3_IRQHandler
                0x0000000008002bd8                EXTI2_IRQHandler
                0x0000000008002bd8                TIM8_TRG_COM_IRQHandler
                0x0000000008002bd8                TIM8_CC_IRQHandler
                0x0000000008002bd8                TIM1_CC_IRQHandler
                0x0000000008002bd8                TIM6_IRQHandler
                0x0000000008002bd8                PVD_IRQHandler
                0x0000000008002bd8                SDIO_IRQHandler
                0x0000000008002bd8                EXTI3_IRQHandler
                0x0000000008002bd8                EXTI0_IRQHandler
                0x0000000008002bd8                I2C2_EV_IRQHandler
                0x0000000008002bd8                ADC1_2_IRQHandler
                0x0000000008002bd8                SPI1_IRQHandler
                0x0000000008002bd8                TAMPER_IRQHandler
                0x0000000008002bd8                TIM8_UP_IRQHandler
                0x0000000008002bd8                DMA2_Channel2_IRQHandler
                0x0000000008002bd8                DMA1_Channel4_IRQHandler
                0x0000000008002bd8                RTC_IRQHandler
                0x0000000008002bd8                DMA1_Channel7_IRQHandler
                0x0000000008002bd8                CAN1_RX1_IRQHandler
                0x0000000008002bd8                ADC3_IRQHandler
                0x0000000008002bd8                TIM4_IRQHandler
                0x0000000008002bd8                DMA2_Channel1_IRQHandler
                0x0000000008002bd8                I2C1_EV_IRQHandler
                0x0000000008002bd8                DMA1_Channel6_IRQHandler
                0x0000000008002bd8                TIM3_IRQHandler
                0x0000000008002bd8                RCC_IRQHandler
                0x0000000008002bd8                TIM1_TRG_COM_IRQHandler
                0x0000000008002bd8                DMA1_Channel1_IRQHandler
                0x0000000008002bd8                Default_Handler
                0x0000000008002bd8                EXTI15_10_IRQHandler
                0x0000000008002bd8                TIM5_IRQHandler
                0x0000000008002bd8                EXTI9_5_IRQHandler
                0x0000000008002bd8                SPI2_IRQHandler
                0x0000000008002bd8                DMA1_Channel5_IRQHandler
                0x0000000008002bd8                EXTI4_IRQHandler
                0x0000000008002bd8                USB_LP_CAN1_RX0_IRQHandler
                0x0000000008002bd8                USB_HP_CAN1_TX_IRQHandler
                0x0000000008002bd8                FSMC_IRQHandler
                0x0000000008002bd8                TIM1_UP_IRQHandler
                0x0000000008002bd8                WWDG_IRQHandler
                0x0000000008002bd8                TIM2_IRQHandler
                0x0000000008002bd8                TIM1_BRK_IRQHandler
                0x0000000008002bd8                EXTI1_IRQHandler
                0x0000000008002bd8                DMA2_Channel4_5_IRQHandler
                0x0000000008002bd8                I2C2_ER_IRQHandler
                0x0000000008002bd8                TIM8_BRK_IRQHandler
                0x0000000008002bd8                CAN1_SCE_IRQHandler
                0x0000000008002bd8                FLASH_IRQHandler
                0x0000000008002bd8                SPI3_IRQHandler
                0x0000000008002bd8                I2C1_ER_IRQHandler
                0x0000000008002bd8                USBWakeUp_IRQHandler
                0x0000000008002bd8                RTC_Alarm_IRQHandler
 *fill*         0x0000000008002bda        0x2 
 .text.HAL_InitTick
                0x0000000008002bdc       0x4c CMakeFiles/Pin_Robot.elf.dir/Drivers/STM32F1xx_HAL_Driver/Src/stm32f1xx_hal.c.obj
                0x0000000008002bdc                HAL_InitTick
 .text.HAL_Init
                0x0000000008002c28       0x24 CMakeFiles/Pin_Robot.elf.dir/Drivers/STM32F1xx_HAL_Driver/Src/stm32f1xx_hal.c.obj
                0x0000000008002c28                HAL_Init
 .text.HAL_IncTick
                0x0000000008002c4c       0x18 CMakeFiles/Pin_Robot.elf.dir/Drivers/STM32F1xx_HAL_Driver/Src/stm32f1xx_hal.c.obj
                0x0000000008002c4c                HAL_IncTick
 .text.HAL_GetTick
                0x0000000008002c64        0xc CMakeFiles/Pin_Robot.elf.dir/Drivers/STM32F1xx_HAL_Driver/Src/stm32f1xx_hal.c.obj
                0x0000000008002c64                HAL_GetTick
 .text.HAL_Delay
                0x0000000008002c70       0x28 CMakeFiles/Pin_Robot.elf.dir/Drivers/STM32F1xx_HAL_Driver/Src/stm32f1xx_hal.c.obj
                0x0000000008002c70                HAL_Delay
 .text.HAL_ADC_ConfigChannel
                0x0000000008002c98      0x144 CMakeFiles/Pin_Robot.elf.dir/Drivers/STM32F1xx_HAL_Driver/Src/stm32f1xx_hal_adc.c.obj
                0x0000000008002c98                HAL_ADC_ConfigChannel
 .text.ADC_ConversionStop_Disable
                0x0000000008002ddc       0x56 CMakeFiles/Pin_Robot.elf.dir/Drivers/STM32F1xx_HAL_Driver/Src/stm32f1xx_hal_adc.c.obj
                0x0000000008002ddc                ADC_ConversionStop_Disable
 *fill*         0x0000000008002e32        0x2 
 .text.HAL_ADC_Init
                0x0000000008002e34      0x128 CMakeFiles/Pin_Robot.elf.dir/Drivers/STM32F1xx_HAL_Driver/Src/stm32f1xx_hal_adc.c.obj
                0x0000000008002e34                HAL_ADC_Init
 .text.HAL_NVIC_SetPriorityGrouping
                0x0000000008002f5c       0x24 CMakeFiles/Pin_Robot.elf.dir/Drivers/STM32F1xx_HAL_Driver/Src/stm32f1xx_hal_cortex.c.obj
                0x0000000008002f5c                HAL_NVIC_SetPriorityGrouping
 .text.HAL_NVIC_SetPriority
                0x0000000008002f80       0x70 CMakeFiles/Pin_Robot.elf.dir/Drivers/STM32F1xx_HAL_Driver/Src/stm32f1xx_hal_cortex.c.obj
                0x0000000008002f80                HAL_NVIC_SetPriority
 .text.HAL_NVIC_EnableIRQ
                0x0000000008002ff0       0x1c CMakeFiles/Pin_Robot.elf.dir/Drivers/STM32F1xx_HAL_Driver/Src/stm32f1xx_hal_cortex.c.obj
                0x0000000008002ff0                HAL_NVIC_EnableIRQ
 .text.HAL_SYSTICK_Config
                0x000000000800300c       0x28 CMakeFiles/Pin_Robot.elf.dir/Drivers/STM32F1xx_HAL_Driver/Src/stm32f1xx_hal_cortex.c.obj
                0x000000000800300c                HAL_SYSTICK_Config
 .text.DMA_SetConfig
                0x0000000008003034       0x2c CMakeFiles/Pin_Robot.elf.dir/Drivers/STM32F1xx_HAL_Driver/Src/stm32f1xx_hal_dma.c.obj
 .text.HAL_DMA_Init
                0x0000000008003060       0x98 CMakeFiles/Pin_Robot.elf.dir/Drivers/STM32F1xx_HAL_Driver/Src/stm32f1xx_hal_dma.c.obj
                0x0000000008003060                HAL_DMA_Init
 .text.HAL_DMA_Start_IT
                0x00000000080030f8       0x74 CMakeFiles/Pin_Robot.elf.dir/Drivers/STM32F1xx_HAL_Driver/Src/stm32f1xx_hal_dma.c.obj
                0x00000000080030f8                HAL_DMA_Start_IT
 .text.HAL_DMA_Abort
                0x000000000800316c       0x44 CMakeFiles/Pin_Robot.elf.dir/Drivers/STM32F1xx_HAL_Driver/Src/stm32f1xx_hal_dma.c.obj
                0x000000000800316c                HAL_DMA_Abort
 .text.HAL_DMA_Abort_IT
                0x00000000080031b0      0x168 CMakeFiles/Pin_Robot.elf.dir/Drivers/STM32F1xx_HAL_Driver/Src/stm32f1xx_hal_dma.c.obj
                0x00000000080031b0                HAL_DMA_Abort_IT
 .text.HAL_DMA_IRQHandler
                0x0000000008003318      0x2ec CMakeFiles/Pin_Robot.elf.dir/Drivers/STM32F1xx_HAL_Driver/Src/stm32f1xx_hal_dma.c.obj
                0x0000000008003318                HAL_DMA_IRQHandler
 .text.HAL_GPIO_Init
                0x0000000008003604      0x240 CMakeFiles/Pin_Robot.elf.dir/Drivers/STM32F1xx_HAL_Driver/Src/stm32f1xx_hal_gpio.c.obj
                0x0000000008003604                HAL_GPIO_Init
 .text.HAL_GPIO_WritePin
                0x0000000008003844        0xc CMakeFiles/Pin_Robot.elf.dir/Drivers/STM32F1xx_HAL_Driver/Src/stm32f1xx_hal_gpio.c.obj
                0x0000000008003844                HAL_GPIO_WritePin
 .text.HAL_GPIO_TogglePin
                0x0000000008003850       0x12 CMakeFiles/Pin_Robot.elf.dir/Drivers/STM32F1xx_HAL_Driver/Src/stm32f1xx_hal_gpio.c.obj
                0x0000000008003850                HAL_GPIO_TogglePin
 *fill*         0x0000000008003862        0x2 
 .text.HAL_GPIOEx_ConfigEventout
                0x0000000008003864       0x14 CMakeFiles/Pin_Robot.elf.dir/Drivers/STM32F1xx_HAL_Driver/Src/stm32f1xx_hal_gpio_ex.c.obj
                0x0000000008003864                HAL_GPIOEx_ConfigEventout
 .text.HAL_GPIOEx_EnableEventout
                0x0000000008003878       0x10 CMakeFiles/Pin_Robot.elf.dir/Drivers/STM32F1xx_HAL_Driver/Src/stm32f1xx_hal_gpio_ex.c.obj
                0x0000000008003878                HAL_GPIOEx_EnableEventout
 .text.HAL_I2C_Init
                0x0000000008003888      0x1bc CMakeFiles/Pin_Robot.elf.dir/Drivers/STM32F1xx_HAL_Driver/Src/stm32f1xx_hal_i2c.c.obj
                0x0000000008003888                HAL_I2C_Init
 .text.RCC_Delay
                0x0000000008003a44       0x2c CMakeFiles/Pin_Robot.elf.dir/Drivers/STM32F1xx_HAL_Driver/Src/stm32f1xx_hal_rcc.c.obj
 .text.HAL_RCC_OscConfig
                0x0000000008003a70      0x410 CMakeFiles/Pin_Robot.elf.dir/Drivers/STM32F1xx_HAL_Driver/Src/stm32f1xx_hal_rcc.c.obj
                0x0000000008003a70                HAL_RCC_OscConfig
 .text.HAL_RCC_GetSysClockFreq
                0x0000000008003e80       0x70 CMakeFiles/Pin_Robot.elf.dir/Drivers/STM32F1xx_HAL_Driver/Src/stm32f1xx_hal_rcc.c.obj
                0x0000000008003e80                HAL_RCC_GetSysClockFreq
 .text.HAL_RCC_ClockConfig
                0x0000000008003ef0      0x16c CMakeFiles/Pin_Robot.elf.dir/Drivers/STM32F1xx_HAL_Driver/Src/stm32f1xx_hal_rcc.c.obj
                0x0000000008003ef0                HAL_RCC_ClockConfig
 .text.HAL_RCC_GetHCLKFreq
                0x000000000800405c        0xc CMakeFiles/Pin_Robot.elf.dir/Drivers/STM32F1xx_HAL_Driver/Src/stm32f1xx_hal_rcc.c.obj
                0x000000000800405c                HAL_RCC_GetHCLKFreq
 .text.HAL_RCC_GetPCLK1Freq
                0x0000000008004068       0x20 CMakeFiles/Pin_Robot.elf.dir/Drivers/STM32F1xx_HAL_Driver/Src/stm32f1xx_hal_rcc.c.obj
                0x0000000008004068                HAL_RCC_GetPCLK1Freq
 .text.HAL_RCC_GetPCLK2Freq
                0x0000000008004088       0x20 CMakeFiles/Pin_Robot.elf.dir/Drivers/STM32F1xx_HAL_Driver/Src/stm32f1xx_hal_rcc.c.obj
                0x0000000008004088                HAL_RCC_GetPCLK2Freq
 .text.HAL_RCCEx_PeriphCLKConfig
                0x00000000080040a8      0x118 CMakeFiles/Pin_Robot.elf.dir/Drivers/STM32F1xx_HAL_Driver/Src/stm32f1xx_hal_rcc_ex.c.obj
                0x00000000080040a8                HAL_RCCEx_PeriphCLKConfig
 .text.TIM_OC1_SetConfig
                0x00000000080041c0       0x68 CMakeFiles/Pin_Robot.elf.dir/Drivers/STM32F1xx_HAL_Driver/Src/stm32f1xx_hal_tim.c.obj
 .text.TIM_OC3_SetConfig
                0x0000000008004228       0x70 CMakeFiles/Pin_Robot.elf.dir/Drivers/STM32F1xx_HAL_Driver/Src/stm32f1xx_hal_tim.c.obj
 .text.TIM_OC4_SetConfig
                0x0000000008004298       0x50 CMakeFiles/Pin_Robot.elf.dir/Drivers/STM32F1xx_HAL_Driver/Src/stm32f1xx_hal_tim.c.obj
 .text.HAL_TIM_Base_Start_IT
                0x00000000080042e8       0x78 CMakeFiles/Pin_Robot.elf.dir/Drivers/STM32F1xx_HAL_Driver/Src/stm32f1xx_hal_tim.c.obj
                0x00000000080042e8                HAL_TIM_Base_Start_IT
 .text.HAL_TIM_OC_DelayElapsedCallback
                0x0000000008004360        0x2 CMakeFiles/Pin_Robot.elf.dir/Drivers/STM32F1xx_HAL_Driver/Src/stm32f1xx_hal_tim.c.obj
                0x0000000008004360                HAL_TIM_OC_DelayElapsedCallback
 .text.HAL_TIM_IC_CaptureCallback
                0x0000000008004362        0x2 CMakeFiles/Pin_Robot.elf.dir/Drivers/STM32F1xx_HAL_Driver/Src/stm32f1xx_hal_tim.c.obj
                0x0000000008004362                HAL_TIM_IC_CaptureCallback
 .text.HAL_TIM_PWM_PulseFinishedCallback
                0x0000000008004364        0x2 CMakeFiles/Pin_Robot.elf.dir/Drivers/STM32F1xx_HAL_Driver/Src/stm32f1xx_hal_tim.c.obj
                0x0000000008004364                HAL_TIM_PWM_PulseFinishedCallback
 .text.HAL_TIM_TriggerCallback
                0x0000000008004366        0x2 CMakeFiles/Pin_Robot.elf.dir/Drivers/STM32F1xx_HAL_Driver/Src/stm32f1xx_hal_tim.c.obj
                0x0000000008004366                HAL_TIM_TriggerCallback
 .text.HAL_TIM_IRQHandler
                0x0000000008004368      0x17a CMakeFiles/Pin_Robot.elf.dir/Drivers/STM32F1xx_HAL_Driver/Src/stm32f1xx_hal_tim.c.obj
                0x0000000008004368                HAL_TIM_IRQHandler
 *fill*         0x00000000080044e2        0x2 
 .text.TIM_Base_SetConfig
                0x00000000080044e4       0x98 CMakeFiles/Pin_Robot.elf.dir/Drivers/STM32F1xx_HAL_Driver/Src/stm32f1xx_hal_tim.c.obj
                0x00000000080044e4                TIM_Base_SetConfig
 .text.HAL_TIM_Base_Init
                0x000000000800457c       0x58 CMakeFiles/Pin_Robot.elf.dir/Drivers/STM32F1xx_HAL_Driver/Src/stm32f1xx_hal_tim.c.obj
                0x000000000800457c                HAL_TIM_Base_Init
 .text.HAL_TIM_PWM_Init
                0x00000000080045d4       0x58 CMakeFiles/Pin_Robot.elf.dir/Drivers/STM32F1xx_HAL_Driver/Src/stm32f1xx_hal_tim.c.obj
                0x00000000080045d4                HAL_TIM_PWM_Init
 .text.HAL_TIM_Encoder_Init
                0x000000000800462c       0xb8 CMakeFiles/Pin_Robot.elf.dir/Drivers/STM32F1xx_HAL_Driver/Src/stm32f1xx_hal_tim.c.obj
                0x000000000800462c                HAL_TIM_Encoder_Init
 .text.TIM_OC2_SetConfig
                0x00000000080046e4       0x70 CMakeFiles/Pin_Robot.elf.dir/Drivers/STM32F1xx_HAL_Driver/Src/stm32f1xx_hal_tim.c.obj
                0x00000000080046e4                TIM_OC2_SetConfig
 .text.HAL_TIM_PWM_ConfigChannel
                0x0000000008004754       0xd0 CMakeFiles/Pin_Robot.elf.dir/Drivers/STM32F1xx_HAL_Driver/Src/stm32f1xx_hal_tim.c.obj
                0x0000000008004754                HAL_TIM_PWM_ConfigChannel
 .text.TIM_CCxChannelCmd
                0x0000000008004824       0x1e CMakeFiles/Pin_Robot.elf.dir/Drivers/STM32F1xx_HAL_Driver/Src/stm32f1xx_hal_tim.c.obj
                0x0000000008004824                TIM_CCxChannelCmd
 *fill*         0x0000000008004842        0x2 
 .text.HAL_TIM_PWM_Start
                0x0000000008004844       0xf4 CMakeFiles/Pin_Robot.elf.dir/Drivers/STM32F1xx_HAL_Driver/Src/stm32f1xx_hal_tim.c.obj
                0x0000000008004844                HAL_TIM_PWM_Start
 .text.HAL_TIM_Encoder_Start
                0x0000000008004938       0xcc CMakeFiles/Pin_Robot.elf.dir/Drivers/STM32F1xx_HAL_Driver/Src/stm32f1xx_hal_tim.c.obj
                0x0000000008004938                HAL_TIM_Encoder_Start
 .text.HAL_TIMEx_MasterConfigSynchronization
                0x0000000008004a04       0x7c CMakeFiles/Pin_Robot.elf.dir/Drivers/STM32F1xx_HAL_Driver/Src/stm32f1xx_hal_tim_ex.c.obj
                0x0000000008004a04                HAL_TIMEx_MasterConfigSynchronization
 .text.HAL_TIMEx_ConfigBreakDeadTime
                0x0000000008004a80       0x52 CMakeFiles/Pin_Robot.elf.dir/Drivers/STM32F1xx_HAL_Driver/Src/stm32f1xx_hal_tim_ex.c.obj
                0x0000000008004a80                HAL_TIMEx_ConfigBreakDeadTime
 .text.HAL_TIMEx_CommutCallback
                0x0000000008004ad2        0x2 CMakeFiles/Pin_Robot.elf.dir/Drivers/STM32F1xx_HAL_Driver/Src/stm32f1xx_hal_tim_ex.c.obj
                0x0000000008004ad2                HAL_TIMEx_CommutCallback
 .text.HAL_TIMEx_BreakCallback
                0x0000000008004ad4        0x2 CMakeFiles/Pin_Robot.elf.dir/Drivers/STM32F1xx_HAL_Driver/Src/stm32f1xx_hal_tim_ex.c.obj
                0x0000000008004ad4                HAL_TIMEx_BreakCallback
 .text.UART_EndTxTransfer
                0x0000000008004ad6       0x12 CMakeFiles/Pin_Robot.elf.dir/Drivers/STM32F1xx_HAL_Driver/Src/stm32f1xx_hal_uart.c.obj
 .text.UART_EndRxTransfer
                0x0000000008004ae8       0x32 CMakeFiles/Pin_Robot.elf.dir/Drivers/STM32F1xx_HAL_Driver/Src/stm32f1xx_hal_uart.c.obj
 .text.UART_Transmit_IT
                0x0000000008004b1a       0x60 CMakeFiles/Pin_Robot.elf.dir/Drivers/STM32F1xx_HAL_Driver/Src/stm32f1xx_hal_uart.c.obj
 *fill*         0x0000000008004b7a        0x2 
 .text.UART_SetConfig
                0x0000000008004b7c       0x94 CMakeFiles/Pin_Robot.elf.dir/Drivers/STM32F1xx_HAL_Driver/Src/stm32f1xx_hal_uart.c.obj
 .text.UART_WaitOnFlagUntilTimeout
                0x0000000008004c10       0x6c CMakeFiles/Pin_Robot.elf.dir/Drivers/STM32F1xx_HAL_Driver/Src/stm32f1xx_hal_uart.c.obj
 .text.HAL_UART_Init
                0x0000000008004c7c       0x5e CMakeFiles/Pin_Robot.elf.dir/Drivers/STM32F1xx_HAL_Driver/Src/stm32f1xx_hal_uart.c.obj
                0x0000000008004c7c                HAL_UART_Init
 .text.HAL_UART_Transmit
                0x0000000008004cda       0xd8 CMakeFiles/Pin_Robot.elf.dir/Drivers/STM32F1xx_HAL_Driver/Src/stm32f1xx_hal_uart.c.obj
                0x0000000008004cda                HAL_UART_Transmit
 .text.HAL_UART_Transmit_IT
                0x0000000008004db2       0x4e CMakeFiles/Pin_Robot.elf.dir/Drivers/STM32F1xx_HAL_Driver/Src/stm32f1xx_hal_uart.c.obj
                0x0000000008004db2                HAL_UART_Transmit_IT
 .text.HAL_UART_Transmit_DMA
                0x0000000008004e00       0x8c CMakeFiles/Pin_Robot.elf.dir/Drivers/STM32F1xx_HAL_Driver/Src/stm32f1xx_hal_uart.c.obj
                0x0000000008004e00                HAL_UART_Transmit_DMA
 .text.UART_DMATransmitCplt
                0x0000000008004e8c       0x30 CMakeFiles/Pin_Robot.elf.dir/Drivers/STM32F1xx_HAL_Driver/Src/stm32f1xx_hal_uart.c.obj
 .text.UART_EndTransmit_IT
                0x0000000008004ebc       0x1a CMakeFiles/Pin_Robot.elf.dir/Drivers/STM32F1xx_HAL_Driver/Src/stm32f1xx_hal_uart.c.obj
 .text.HAL_UART_TxHalfCpltCallback
                0x0000000008004ed6        0x2 CMakeFiles/Pin_Robot.elf.dir/Drivers/STM32F1xx_HAL_Driver/Src/stm32f1xx_hal_uart.c.obj
                0x0000000008004ed6                HAL_UART_TxHalfCpltCallback
 .text.UART_DMATxHalfCplt
                0x0000000008004ed8        0xa CMakeFiles/Pin_Robot.elf.dir/Drivers/STM32F1xx_HAL_Driver/Src/stm32f1xx_hal_uart.c.obj
 .text.HAL_UART_RxHalfCpltCallback
                0x0000000008004ee2        0x2 CMakeFiles/Pin_Robot.elf.dir/Drivers/STM32F1xx_HAL_Driver/Src/stm32f1xx_hal_uart.c.obj
                0x0000000008004ee2                HAL_UART_RxHalfCpltCallback
 .text.HAL_UART_ErrorCallback
                0x0000000008004ee4        0x2 CMakeFiles/Pin_Robot.elf.dir/Drivers/STM32F1xx_HAL_Driver/Src/stm32f1xx_hal_uart.c.obj
                0x0000000008004ee4                HAL_UART_ErrorCallback
 .text.UART_DMAError
                0x0000000008004ee6       0x58 CMakeFiles/Pin_Robot.elf.dir/Drivers/STM32F1xx_HAL_Driver/Src/stm32f1xx_hal_uart.c.obj
 .text.UART_DMAAbortOnError
                0x0000000008004f3e       0x10 CMakeFiles/Pin_Robot.elf.dir/Drivers/STM32F1xx_HAL_Driver/Src/stm32f1xx_hal_uart.c.obj
 .text.HAL_UARTEx_RxEventCallback
                0x0000000008004f4e        0x2 CMakeFiles/Pin_Robot.elf.dir/Drivers/STM32F1xx_HAL_Driver/Src/stm32f1xx_hal_uart.c.obj
                0x0000000008004f4e                HAL_UARTEx_RxEventCallback
 .text.UART_Receive_IT
                0x0000000008004f50       0xd4 CMakeFiles/Pin_Robot.elf.dir/Drivers/STM32F1xx_HAL_Driver/Src/stm32f1xx_hal_uart.c.obj
 .text.HAL_UART_IRQHandler
                0x0000000008005024      0x204 CMakeFiles/Pin_Robot.elf.dir/Drivers/STM32F1xx_HAL_Driver/Src/stm32f1xx_hal_uart.c.obj
                0x0000000008005024                HAL_UART_IRQHandler
 .text.UART_DMARxHalfCplt
                0x0000000008005228       0x1a CMakeFiles/Pin_Robot.elf.dir/Drivers/STM32F1xx_HAL_Driver/Src/stm32f1xx_hal_uart.c.obj
 .text.UART_DMAReceiveCplt
                0x0000000008005242       0x5e CMakeFiles/Pin_Robot.elf.dir/Drivers/STM32F1xx_HAL_Driver/Src/stm32f1xx_hal_uart.c.obj
 .text.UART_Start_Receive_IT
                0x00000000080052a0       0x36 CMakeFiles/Pin_Robot.elf.dir/Drivers/STM32F1xx_HAL_Driver/Src/stm32f1xx_hal_uart.c.obj
                0x00000000080052a0                UART_Start_Receive_IT
 .text.HAL_UART_Receive_IT
                0x00000000080052d6       0x38 CMakeFiles/Pin_Robot.elf.dir/Drivers/STM32F1xx_HAL_Driver/Src/stm32f1xx_hal_uart.c.obj
                0x00000000080052d6                HAL_UART_Receive_IT
 *fill*         0x000000000800530e        0x2 
 .text.UART_Start_Receive_DMA
                0x0000000008005310       0x78 CMakeFiles/Pin_Robot.elf.dir/Drivers/STM32F1xx_HAL_Driver/Src/stm32f1xx_hal_uart.c.obj
                0x0000000008005310                UART_Start_Receive_DMA
 .text.HAL_UART_Receive_DMA
                0x0000000008005388       0x38 CMakeFiles/Pin_Robot.elf.dir/Drivers/STM32F1xx_HAL_Driver/Src/stm32f1xx_hal_uart.c.obj
                0x0000000008005388                HAL_UART_Receive_DMA
 .text.__errno  0x00000000080053c0        0xc /usr/local/Cellar/arm-none-eabi-gcc/10.3-2021.07/gcc/bin/../lib/gcc/arm-none-eabi/10.3.1/../../../../arm-none-eabi/lib/thumb/v7-m/nofp/libg.a(lib_a-errno.o)
                0x00000000080053c0                __errno
 .text.__libc_init_array
                0x00000000080053cc       0x48 /usr/local/Cellar/arm-none-eabi-gcc/10.3-2021.07/gcc/bin/../lib/gcc/arm-none-eabi/10.3.1/../../../../arm-none-eabi/lib/thumb/v7-m/nofp/libg.a(lib_a-init.o)
                0x00000000080053cc                __libc_init_array
 .text.memset   0x0000000008005414       0xa4 /usr/local/Cellar/arm-none-eabi-gcc/10.3-2021.07/gcc/bin/../lib/gcc/arm-none-eabi/10.3.1/../../../../arm-none-eabi/lib/thumb/v7-m/nofp/libg.a(lib_a-memset.o)
                0x0000000008005414                memset
 .text.printf   0x00000000080054b8       0x28 /usr/local/Cellar/arm-none-eabi-gcc/10.3-2021.07/gcc/bin/../lib/gcc/arm-none-eabi/10.3.1/../../../../arm-none-eabi/lib/thumb/v7-m/nofp/libg.a(lib_a-printf.o)
                0x00000000080054b8                printf
 .text._puts_r  0x00000000080054e0       0x9c /usr/local/Cellar/arm-none-eabi-gcc/10.3-2021.07/gcc/bin/../lib/gcc/arm-none-eabi/10.3.1/../../../../arm-none-eabi/lib/thumb/v7-m/nofp/libg.a(lib_a-puts.o)
                0x00000000080054e0                _puts_r
 .text.puts     0x000000000800557c       0x10 /usr/local/Cellar/arm-none-eabi-gcc/10.3-2021.07/gcc/bin/../lib/gcc/arm-none-eabi/10.3.1/../../../../arm-none-eabi/lib/thumb/v7-m/nofp/libg.a(lib_a-puts.o)
                0x000000000800557c                puts
 .text.strlen   0x000000000800558c       0x5c /usr/local/Cellar/arm-none-eabi-gcc/10.3-2021.07/gcc/bin/../lib/gcc/arm-none-eabi/10.3.1/../../../../arm-none-eabi/lib/thumb/v7-m/nofp/libg.a(lib_a-strlen-stub.o)
                0x000000000800558c                strlen
 .text._vfprintf_r
                0x00000000080055e8     0x1b58 /usr/local/Cellar/arm-none-eabi-gcc/10.3-2021.07/gcc/bin/../lib/gcc/arm-none-eabi/10.3.1/../../../../arm-none-eabi/lib/thumb/v7-m/nofp/libg.a(lib_a-vfprintf.o)
                0x00000000080055e8                _vfprintf_r
 .text.__sbprintf
                0x0000000008007140       0x84 /usr/local/Cellar/arm-none-eabi-gcc/10.3-2021.07/gcc/bin/../lib/gcc/arm-none-eabi/10.3.1/../../../../arm-none-eabi/lib/thumb/v7-m/nofp/libg.a(lib_a-vfprintf.o)
 .text.__swsetup_r
                0x00000000080071c4       0xd4 /usr/local/Cellar/arm-none-eabi-gcc/10.3-2021.07/gcc/bin/../lib/gcc/arm-none-eabi/10.3.1/../../../../arm-none-eabi/lib/thumb/v7-m/nofp/libg.a(lib_a-wsetup.o)
                0x00000000080071c4                __swsetup_r
 .text.startup.register_fini
                0x0000000008007298       0x14 /usr/local/Cellar/arm-none-eabi-gcc/10.3-2021.07/gcc/bin/../lib/gcc/arm-none-eabi/10.3.1/../../../../arm-none-eabi/lib/thumb/v7-m/nofp/libg.a(lib_a-__call_atexit.o)
 .text.atexit   0x00000000080072ac        0xc /usr/local/Cellar/arm-none-eabi-gcc/10.3-2021.07/gcc/bin/../lib/gcc/arm-none-eabi/10.3.1/../../../../arm-none-eabi/lib/thumb/v7-m/nofp/libg.a(lib_a-atexit.o)
                0x00000000080072ac                atexit
 .text.quorem   0x00000000080072b8      0x12c /usr/local/Cellar/arm-none-eabi-gcc/10.3-2021.07/gcc/bin/../lib/gcc/arm-none-eabi/10.3.1/../../../../arm-none-eabi/lib/thumb/v7-m/nofp/libg.a(lib_a-dtoa.o)
 *fill*         0x00000000080073e4        0x4 
 .text._dtoa_r  0x00000000080073e8      0xecc /usr/local/Cellar/arm-none-eabi-gcc/10.3-2021.07/gcc/bin/../lib/gcc/arm-none-eabi/10.3.1/../../../../arm-none-eabi/lib/thumb/v7-m/nofp/libg.a(lib_a-dtoa.o)
                0x00000000080073e8                _dtoa_r
 .text.__sflush_r
                0x00000000080082b4      0x124 /usr/local/Cellar/arm-none-eabi-gcc/10.3-2021.07/gcc/bin/../lib/gcc/arm-none-eabi/10.3.1/../../../../arm-none-eabi/lib/thumb/v7-m/nofp/libg.a(lib_a-fflush.o)
                0x00000000080082b4                __sflush_r
 .text._fflush_r
                0x00000000080083d8       0x5c /usr/local/Cellar/arm-none-eabi-gcc/10.3-2021.07/gcc/bin/../lib/gcc/arm-none-eabi/10.3.1/../../../../arm-none-eabi/lib/thumb/v7-m/nofp/libg.a(lib_a-fflush.o)
                0x00000000080083d8                _fflush_r
 .text._cleanup_r
                0x0000000008008434        0xc /usr/local/Cellar/arm-none-eabi-gcc/10.3-2021.07/gcc/bin/../lib/gcc/arm-none-eabi/10.3.1/../../../../arm-none-eabi/lib/thumb/v7-m/nofp/libg.a(lib_a-findfp.o)
                0x0000000008008434                _cleanup_r
 .text.__sinit  0x0000000008008440      0x10c /usr/local/Cellar/arm-none-eabi-gcc/10.3-2021.07/gcc/bin/../lib/gcc/arm-none-eabi/10.3.1/../../../../arm-none-eabi/lib/thumb/v7-m/nofp/libg.a(lib_a-findfp.o)
                0x0000000008008440                __sinit
 .text.__sfp_lock_acquire
                0x000000000800854c        0xc /usr/local/Cellar/arm-none-eabi-gcc/10.3-2021.07/gcc/bin/../lib/gcc/arm-none-eabi/10.3.1/../../../../arm-none-eabi/lib/thumb/v7-m/nofp/libg.a(lib_a-findfp.o)
                0x000000000800854c                __sfp_lock_acquire
 .text.__sfp_lock_release
                0x0000000008008558        0xc /usr/local/Cellar/arm-none-eabi-gcc/10.3-2021.07/gcc/bin/../lib/gcc/arm-none-eabi/10.3.1/../../../../arm-none-eabi/lib/thumb/v7-m/nofp/libg.a(lib_a-findfp.o)
                0x0000000008008558                __sfp_lock_release
 .text.__libc_fini_array
                0x0000000008008564       0x2c /usr/local/Cellar/arm-none-eabi-gcc/10.3-2021.07/gcc/bin/../lib/gcc/arm-none-eabi/10.3.1/../../../../arm-none-eabi/lib/thumb/v7-m/nofp/libg.a(lib_a-fini.o)
                0x0000000008008564                __libc_fini_array
 .text._malloc_trim_r
                0x0000000008008590       0xa0 /usr/local/Cellar/arm-none-eabi-gcc/10.3-2021.07/gcc/bin/../lib/gcc/arm-none-eabi/10.3.1/../../../../arm-none-eabi/lib/thumb/v7-m/nofp/libg.a(lib_a-freer.o)
                0x0000000008008590                _malloc_trim_r
 .text._free_r  0x0000000008008630      0x200 /usr/local/Cellar/arm-none-eabi-gcc/10.3-2021.07/gcc/bin/../lib/gcc/arm-none-eabi/10.3.1/../../../../arm-none-eabi/lib/thumb/v7-m/nofp/libg.a(lib_a-freer.o)
                0x0000000008008630                _free_r
 .text.__sfvwrite_r
                0x0000000008008830      0x2f0 /usr/local/Cellar/arm-none-eabi-gcc/10.3-2021.07/gcc/bin/../lib/gcc/arm-none-eabi/10.3.1/../../../../arm-none-eabi/lib/thumb/v7-m/nofp/libg.a(lib_a-fvwrite.o)
                0x0000000008008830                __sfvwrite_r
 .text._fwalk_reent
                0x0000000008008b20       0x48 /usr/local/Cellar/arm-none-eabi-gcc/10.3-2021.07/gcc/bin/../lib/gcc/arm-none-eabi/10.3.1/../../../../arm-none-eabi/lib/thumb/v7-m/nofp/libg.a(lib_a-fwalk.o)
                0x0000000008008b20                _fwalk_reent
 .text._localeconv_r
                0x0000000008008b68        0x8 /usr/local/Cellar/arm-none-eabi-gcc/10.3-2021.07/gcc/bin/../lib/gcc/arm-none-eabi/10.3.1/../../../../arm-none-eabi/lib/thumb/v7-m/nofp/libg.a(lib_a-localeconv.o)
                0x0000000008008b68                _localeconv_r
 .text.__retarget_lock_init_recursive
                0x0000000008008b70        0x4 /usr/local/Cellar/arm-none-eabi-gcc/10.3-2021.07/gcc/bin/../lib/gcc/arm-none-eabi/10.3.1/../../../../arm-none-eabi/lib/thumb/v7-m/nofp/libg.a(lib_a-lock.o)
                0x0000000008008b70                __retarget_lock_init_recursive
 .text.__retarget_lock_close_recursive
                0x0000000008008b74        0x4 /usr/local/Cellar/arm-none-eabi-gcc/10.3-2021.07/gcc/bin/../lib/gcc/arm-none-eabi/10.3.1/../../../../arm-none-eabi/lib/thumb/v7-m/nofp/libg.a(lib_a-lock.o)
                0x0000000008008b74                __retarget_lock_close_recursive
 .text.__retarget_lock_acquire_recursive
                0x0000000008008b78        0x4 /usr/local/Cellar/arm-none-eabi-gcc/10.3-2021.07/gcc/bin/../lib/gcc/arm-none-eabi/10.3.1/../../../../arm-none-eabi/lib/thumb/v7-m/nofp/libg.a(lib_a-lock.o)
                0x0000000008008b78                __retarget_lock_acquire_recursive
 .text.__retarget_lock_release_recursive
                0x0000000008008b7c        0x4 /usr/local/Cellar/arm-none-eabi-gcc/10.3-2021.07/gcc/bin/../lib/gcc/arm-none-eabi/10.3.1/../../../../arm-none-eabi/lib/thumb/v7-m/nofp/libg.a(lib_a-lock.o)
                0x0000000008008b7c                __retarget_lock_release_recursive
 .text.__smakebuf_r
                0x0000000008008b80       0xe0 /usr/local/Cellar/arm-none-eabi-gcc/10.3-2021.07/gcc/bin/../lib/gcc/arm-none-eabi/10.3.1/../../../../arm-none-eabi/lib/thumb/v7-m/nofp/libg.a(lib_a-makebuf.o)
                0x0000000008008b80                __smakebuf_r
 .text._malloc_r
                0x0000000008008c60      0x558 /usr/local/Cellar/arm-none-eabi-gcc/10.3-2021.07/gcc/bin/../lib/gcc/arm-none-eabi/10.3.1/../../../../arm-none-eabi/lib/thumb/v7-m/nofp/libg.a(lib_a-mallocr.o)
                0x0000000008008c60                _malloc_r
 .text.memchr   0x00000000080091b8       0x90 /usr/local/Cellar/arm-none-eabi-gcc/10.3-2021.07/gcc/bin/../lib/gcc/arm-none-eabi/10.3.1/../../../../arm-none-eabi/lib/thumb/v7-m/nofp/libg.a(lib_a-memchr-stub.o)
                0x00000000080091b8                memchr
 .text.memmove  0x0000000008009248       0xf8 /usr/local/Cellar/arm-none-eabi-gcc/10.3-2021.07/gcc/bin/../lib/gcc/arm-none-eabi/10.3.1/../../../../arm-none-eabi/lib/thumb/v7-m/nofp/libg.a(lib_a-memmove.o)
                0x0000000008009248                memmove
 .text.__malloc_lock
                0x0000000008009340        0xc /usr/local/Cellar/arm-none-eabi-gcc/10.3-2021.07/gcc/bin/../lib/gcc/arm-none-eabi/10.3.1/../../../../arm-none-eabi/lib/thumb/v7-m/nofp/libg.a(lib_a-mlock.o)
                0x0000000008009340                __malloc_lock
 .text.__malloc_unlock
                0x000000000800934c        0xc /usr/local/Cellar/arm-none-eabi-gcc/10.3-2021.07/gcc/bin/../lib/gcc/arm-none-eabi/10.3.1/../../../../arm-none-eabi/lib/thumb/v7-m/nofp/libg.a(lib_a-mlock.o)
                0x000000000800934c                __malloc_unlock
 .text._Balloc  0x0000000008009358       0x4c /usr/local/Cellar/arm-none-eabi-gcc/10.3-2021.07/gcc/bin/../lib/gcc/arm-none-eabi/10.3.1/../../../../arm-none-eabi/lib/thumb/v7-m/nofp/libg.a(lib_a-mprec.o)
                0x0000000008009358                _Balloc
 .text._Bfree   0x00000000080093a4       0x14 /usr/local/Cellar/arm-none-eabi-gcc/10.3-2021.07/gcc/bin/../lib/gcc/arm-none-eabi/10.3.1/../../../../arm-none-eabi/lib/thumb/v7-m/nofp/libg.a(lib_a-mprec.o)
                0x00000000080093a4                _Bfree
 .text.__multadd
                0x00000000080093b8       0xa4 /usr/local/Cellar/arm-none-eabi-gcc/10.3-2021.07/gcc/bin/../lib/gcc/arm-none-eabi/10.3.1/../../../../arm-none-eabi/lib/thumb/v7-m/nofp/libg.a(lib_a-mprec.o)
                0x00000000080093b8                __multadd
 .text.__hi0bits
                0x000000000800945c       0x40 /usr/local/Cellar/arm-none-eabi-gcc/10.3-2021.07/gcc/bin/../lib/gcc/arm-none-eabi/10.3.1/../../../../arm-none-eabi/lib/thumb/v7-m/nofp/libg.a(lib_a-mprec.o)
                0x000000000800945c                __hi0bits
 .text.__lo0bits
                0x000000000800949c       0x58 /usr/local/Cellar/arm-none-eabi-gcc/10.3-2021.07/gcc/bin/../lib/gcc/arm-none-eabi/10.3.1/../../../../arm-none-eabi/lib/thumb/v7-m/nofp/libg.a(lib_a-mprec.o)
                0x000000000800949c                __lo0bits
 .text.__i2b    0x00000000080094f4       0x5c /usr/local/Cellar/arm-none-eabi-gcc/10.3-2021.07/gcc/bin/../lib/gcc/arm-none-eabi/10.3.1/../../../../arm-none-eabi/lib/thumb/v7-m/nofp/libg.a(lib_a-mprec.o)
                0x00000000080094f4                __i2b
 .text.__multiply
                0x0000000008009550      0x15c /usr/local/Cellar/arm-none-eabi-gcc/10.3-2021.07/gcc/bin/../lib/gcc/arm-none-eabi/10.3.1/../../../../arm-none-eabi/lib/thumb/v7-m/nofp/libg.a(lib_a-mprec.o)
                0x0000000008009550                __multiply
 .text.__pow5mult
                0x00000000080096ac       0xb8 /usr/local/Cellar/arm-none-eabi-gcc/10.3-2021.07/gcc/bin/../lib/gcc/arm-none-eabi/10.3.1/../../../../arm-none-eabi/lib/thumb/v7-m/nofp/libg.a(lib_a-mprec.o)
                0x00000000080096ac                __pow5mult
 .text.__lshift
                0x0000000008009764       0xec /usr/local/Cellar/arm-none-eabi-gcc/10.3-2021.07/gcc/bin/../lib/gcc/arm-none-eabi/10.3.1/../../../../arm-none-eabi/lib/thumb/v7-m/nofp/libg.a(lib_a-mprec.o)
                0x0000000008009764                __lshift
 .text.__mcmp   0x0000000008009850       0x40 /usr/local/Cellar/arm-none-eabi-gcc/10.3-2021.07/gcc/bin/../lib/gcc/arm-none-eabi/10.3.1/../../../../arm-none-eabi/lib/thumb/v7-m/nofp/libg.a(lib_a-mprec.o)
                0x0000000008009850                __mcmp
 .text.__mdiff  0x0000000008009890      0x14c /usr/local/Cellar/arm-none-eabi-gcc/10.3-2021.07/gcc/bin/../lib/gcc/arm-none-eabi/10.3.1/../../../../arm-none-eabi/lib/thumb/v7-m/nofp/libg.a(lib_a-mprec.o)
                0x0000000008009890                __mdiff
 .text.__d2b    0x00000000080099dc       0xc4 /usr/local/Cellar/arm-none-eabi-gcc/10.3-2021.07/gcc/bin/../lib/gcc/arm-none-eabi/10.3.1/../../../../arm-none-eabi/lib/thumb/v7-m/nofp/libg.a(lib_a-mprec.o)
                0x00000000080099dc                __d2b
 .text._realloc_r
                0x0000000008009aa0      0x3dc /usr/local/Cellar/arm-none-eabi-gcc/10.3-2021.07/gcc/bin/../lib/gcc/arm-none-eabi/10.3.1/../../../../arm-none-eabi/lib/thumb/v7-m/nofp/libg.a(lib_a-reallocr.o)
                0x0000000008009aa0                _realloc_r
 .text.frexp    0x0000000008009e7c       0x70 /usr/local/Cellar/arm-none-eabi-gcc/10.3-2021.07/gcc/bin/../lib/gcc/arm-none-eabi/10.3.1/../../../../arm-none-eabi/lib/thumb/v7-m/nofp/libg.a(lib_a-s_frexp.o)
                0x0000000008009e7c                frexp
 .text._sbrk_r  0x0000000008009eec       0x24 /usr/local/Cellar/arm-none-eabi-gcc/10.3-2021.07/gcc/bin/../lib/gcc/arm-none-eabi/10.3.1/../../../../arm-none-eabi/lib/thumb/v7-m/nofp/libg.a(lib_a-sbrkr.o)
                0x0000000008009eec                _sbrk_r
 .text.__sread  0x0000000008009f10       0x24 /usr/local/Cellar/arm-none-eabi-gcc/10.3-2021.07/gcc/bin/../lib/gcc/arm-none-eabi/10.3.1/../../../../arm-none-eabi/lib/thumb/v7-m/nofp/libg.a(lib_a-stdio.o)
                0x0000000008009f10                __sread
 .text.__swrite
                0x0000000008009f34       0x40 /usr/local/Cellar/arm-none-eabi-gcc/10.3-2021.07/gcc/bin/../lib/gcc/arm-none-eabi/10.3.1/../../../../arm-none-eabi/lib/thumb/v7-m/nofp/libg.a(lib_a-stdio.o)
                0x0000000008009f34                __swrite
 .text.__sseek  0x0000000008009f74       0x20 /usr/local/Cellar/arm-none-eabi-gcc/10.3-2021.07/gcc/bin/../lib/gcc/arm-none-eabi/10.3.1/../../../../arm-none-eabi/lib/thumb/v7-m/nofp/libg.a(lib_a-stdio.o)
                0x0000000008009f74                __sseek
 .text.__sclose
                0x0000000008009f94        0x8 /usr/local/Cellar/arm-none-eabi-gcc/10.3-2021.07/gcc/bin/../lib/gcc/arm-none-eabi/10.3.1/../../../../arm-none-eabi/lib/thumb/v7-m/nofp/libg.a(lib_a-stdio.o)
                0x0000000008009f94                __sclose
 .text.strncpy  0x0000000008009f9c       0x68 /usr/local/Cellar/arm-none-eabi-gcc/10.3-2021.07/gcc/bin/../lib/gcc/arm-none-eabi/10.3.1/../../../../arm-none-eabi/lib/thumb/v7-m/nofp/libg.a(lib_a-strncpy.o)
                0x0000000008009f9c                strncpy
 .text.__sprint_r.part.0
                0x000000000800a004       0x78 /usr/local/Cellar/arm-none-eabi-gcc/10.3-2021.07/gcc/bin/../lib/gcc/arm-none-eabi/10.3.1/../../../../arm-none-eabi/lib/thumb/v7-m/nofp/libg.a(lib_a-vfiprintf.o)
 .text.__sprint_r
                0x000000000800a07c       0x14 /usr/local/Cellar/arm-none-eabi-gcc/10.3-2021.07/gcc/bin/../lib/gcc/arm-none-eabi/10.3.1/../../../../arm-none-eabi/lib/thumb/v7-m/nofp/libg.a(lib_a-vfiprintf.o)
                0x000000000800a07c                __sprint_r
 .text._vfiprintf_r
                0x000000000800a090      0xd98 /usr/local/Cellar/arm-none-eabi-gcc/10.3-2021.07/gcc/bin/../lib/gcc/arm-none-eabi/10.3.1/../../../../arm-none-eabi/lib/thumb/v7-m/nofp/libg.a(lib_a-vfiprintf.o)
                0x000000000800a090                _vfiprintf_r
 .text.__sbprintf
                0x000000000800ae28       0x84 /usr/local/Cellar/arm-none-eabi-gcc/10.3-2021.07/gcc/bin/../lib/gcc/arm-none-eabi/10.3.1/../../../../arm-none-eabi/lib/thumb/v7-m/nofp/libg.a(lib_a-vfiprintf.o)
 .text._write_r
                0x000000000800aeac       0x2c /usr/local/Cellar/arm-none-eabi-gcc/10.3-2021.07/gcc/bin/../lib/gcc/arm-none-eabi/10.3.1/../../../../arm-none-eabi/lib/thumb/v7-m/nofp/libg.a(lib_a-writer.o)
                0x000000000800aeac                _write_r
 .text.__register_exitproc
                0x000000000800aed8       0x8c /usr/local/Cellar/arm-none-eabi-gcc/10.3-2021.07/gcc/bin/../lib/gcc/arm-none-eabi/10.3.1/../../../../arm-none-eabi/lib/thumb/v7-m/nofp/libg.a(lib_a-__atexit.o)
                0x000000000800aed8                __register_exitproc
 .text.__assert_func
                0x000000000800af64       0x40 /usr/local/Cellar/arm-none-eabi-gcc/10.3-2021.07/gcc/bin/../lib/gcc/arm-none-eabi/10.3.1/../../../../arm-none-eabi/lib/thumb/v7-m/nofp/libg.a(lib_a-assert.o)
                0x000000000800af64                __assert_func
 .text._calloc_r
                0x000000000800afa4       0x78 /usr/local/Cellar/arm-none-eabi-gcc/10.3-2021.07/gcc/bin/../lib/gcc/arm-none-eabi/10.3.1/../../../../arm-none-eabi/lib/thumb/v7-m/nofp/libg.a(lib_a-callocr.o)
                0x000000000800afa4                _calloc_r
 .text._close_r
                0x000000000800b01c       0x24 /usr/local/Cellar/arm-none-eabi-gcc/10.3-2021.07/gcc/bin/../lib/gcc/arm-none-eabi/10.3.1/../../../../arm-none-eabi/lib/thumb/v7-m/nofp/libg.a(lib_a-closer.o)
                0x000000000800b01c                _close_r
 .text._fclose_r
                0x000000000800b040       0xcc /usr/local/Cellar/arm-none-eabi-gcc/10.3-2021.07/gcc/bin/../lib/gcc/arm-none-eabi/10.3.1/../../../../arm-none-eabi/lib/thumb/v7-m/nofp/libg.a(lib_a-fclose.o)
                0x000000000800b040                _fclose_r
 .text.fiprintf
                0x000000000800b10c       0x28 /usr/local/Cellar/arm-none-eabi-gcc/10.3-2021.07/gcc/bin/../lib/gcc/arm-none-eabi/10.3.1/../../../../arm-none-eabi/lib/thumb/v7-m/nofp/libg.a(lib_a-fiprintf.o)
                0x000000000800b10c                fiprintf
 .text.__fputwc
                0x000000000800b134       0xa0 /usr/local/Cellar/arm-none-eabi-gcc/10.3-2021.07/gcc/bin/../lib/gcc/arm-none-eabi/10.3.1/../../../../arm-none-eabi/lib/thumb/v7-m/nofp/libg.a(lib_a-fputwc.o)
                0x000000000800b134                __fputwc
 .text._fputwc_r
                0x000000000800b1d4       0x68 /usr/local/Cellar/arm-none-eabi-gcc/10.3-2021.07/gcc/bin/../lib/gcc/arm-none-eabi/10.3.1/../../../../arm-none-eabi/lib/thumb/v7-m/nofp/libg.a(lib_a-fputwc.o)
                0x000000000800b1d4                _fputwc_r
 .text._fstat_r
                0x000000000800b23c       0x28 /usr/local/Cellar/arm-none-eabi-gcc/10.3-2021.07/gcc/bin/../lib/gcc/arm-none-eabi/10.3.1/../../../../arm-none-eabi/lib/thumb/v7-m/nofp/libg.a(lib_a-fstatr.o)
                0x000000000800b23c                _fstat_r
 .text._isatty_r
                0x000000000800b264       0x24 /usr/local/Cellar/arm-none-eabi-gcc/10.3-2021.07/gcc/bin/../lib/gcc/arm-none-eabi/10.3.1/../../../../arm-none-eabi/lib/thumb/v7-m/nofp/libg.a(lib_a-isattyr.o)
                0x000000000800b264                _isatty_r
 .text.__locale_mb_cur_max
                0x000000000800b288        0xc /usr/local/Cellar/arm-none-eabi-gcc/10.3-2021.07/gcc/bin/../lib/gcc/arm-none-eabi/10.3.1/../../../../arm-none-eabi/lib/thumb/v7-m/nofp/libg.a(lib_a-locale.o)
                0x000000000800b288                __locale_mb_cur_max
 .text._lseek_r
                0x000000000800b294       0x2c /usr/local/Cellar/arm-none-eabi-gcc/10.3-2021.07/gcc/bin/../lib/gcc/arm-none-eabi/10.3.1/../../../../arm-none-eabi/lib/thumb/v7-m/nofp/libg.a(lib_a-lseekr.o)
                0x000000000800b294                _lseek_r
 .text.__ascii_mbtowc
                0x000000000800b2c0       0x2c /usr/local/Cellar/arm-none-eabi-gcc/10.3-2021.07/gcc/bin/../lib/gcc/arm-none-eabi/10.3.1/../../../../arm-none-eabi/lib/thumb/v7-m/nofp/libg.a(lib_a-mbtowc_r.o)
                0x000000000800b2c0                __ascii_mbtowc
 .text._read_r  0x000000000800b2ec       0x2c /usr/local/Cellar/arm-none-eabi-gcc/10.3-2021.07/gcc/bin/../lib/gcc/arm-none-eabi/10.3.1/../../../../arm-none-eabi/lib/thumb/v7-m/nofp/libg.a(lib_a-readr.o)
                0x000000000800b2ec                _read_r
 .text.__swbuf_r
                0x000000000800b318       0xb0 /usr/local/Cellar/arm-none-eabi-gcc/10.3-2021.07/gcc/bin/../lib/gcc/arm-none-eabi/10.3.1/../../../../arm-none-eabi/lib/thumb/v7-m/nofp/libg.a(lib_a-wbuf.o)
                0x000000000800b318                __swbuf_r
 .text._wcrtomb_r
                0x000000000800b3c8       0x3c /usr/local/Cellar/arm-none-eabi-gcc/10.3-2021.07/gcc/bin/../lib/gcc/arm-none-eabi/10.3.1/../../../../arm-none-eabi/lib/thumb/v7-m/nofp/libg.a(lib_a-wcrtomb.o)
                0x000000000800b3c8                _wcrtomb_r
 .text.__ascii_wctomb
                0x000000000800b404       0x1c /usr/local/Cellar/arm-none-eabi-gcc/10.3-2021.07/gcc/bin/../lib/gcc/arm-none-eabi/10.3.1/../../../../arm-none-eabi/lib/thumb/v7-m/nofp/libg.a(lib_a-wctomb_r.o)
                0x000000000800b404                __ascii_wctomb
 .text.abort    0x000000000800b420       0x10 /usr/local/Cellar/arm-none-eabi-gcc/10.3-2021.07/gcc/bin/../lib/gcc/arm-none-eabi/10.3.1/../../../../arm-none-eabi/lib/thumb/v7-m/nofp/libg.a(lib_a-abort.o)
                0x000000000800b420                abort
 .text.raise    0x000000000800b430       0x5c /usr/local/Cellar/arm-none-eabi-gcc/10.3-2021.07/gcc/bin/../lib/gcc/arm-none-eabi/10.3.1/../../../../arm-none-eabi/lib/thumb/v7-m/nofp/libg.a(lib_a-signal.o)
                0x000000000800b430                raise
 .text._kill_r  0x000000000800b48c       0x28 /usr/local/Cellar/arm-none-eabi-gcc/10.3-2021.07/gcc/bin/../lib/gcc/arm-none-eabi/10.3.1/../../../../arm-none-eabi/lib/thumb/v7-m/nofp/libg.a(lib_a-signalr.o)
                0x000000000800b48c                _kill_r
 .text._getpid_r
                0x000000000800b4b4        0x4 /usr/local/Cellar/arm-none-eabi-gcc/10.3-2021.07/gcc/bin/../lib/gcc/arm-none-eabi/10.3.1/../../../../arm-none-eabi/lib/thumb/v7-m/nofp/libg.a(lib_a-signalr.o)
                0x000000000800b4b4                _getpid_r
 *(.glue_7)
 .glue_7        0x000000000800b4b8        0x0 linker stubs
 *(.glue_7t)
 .glue_7t       0x000000000800b4b8        0x0 linker stubs
 *(.eh_frame)
 .eh_frame      0x000000000800b4b8        0x0 /usr/local/Cellar/arm-none-eabi-gcc/10.3-2021.07/gcc/bin/../lib/gcc/arm-none-eabi/10.3.1/thumb/v7-m/nofp/crtbegin.o
 *(.init)
 .init          0x000000000800b4b8        0x4 /usr/local/Cellar/arm-none-eabi-gcc/10.3-2021.07/gcc/bin/../lib/gcc/arm-none-eabi/10.3.1/thumb/v7-m/nofp/crti.o
                0x000000000800b4b8                _init
 .init          0x000000000800b4bc        0x8 /usr/local/Cellar/arm-none-eabi-gcc/10.3-2021.07/gcc/bin/../lib/gcc/arm-none-eabi/10.3.1/thumb/v7-m/nofp/crtn.o
 *(.fini)
 .fini          0x000000000800b4c4        0x4 /usr/local/Cellar/arm-none-eabi-gcc/10.3-2021.07/gcc/bin/../lib/gcc/arm-none-eabi/10.3.1/thumb/v7-m/nofp/crti.o
                0x000000000800b4c4                _fini
 .fini          0x000000000800b4c8        0x8 /usr/local/Cellar/arm-none-eabi-gcc/10.3-2021.07/gcc/bin/../lib/gcc/arm-none-eabi/10.3.1/thumb/v7-m/nofp/crtn.o
                0x000000000800b4d0                . = ALIGN (0x4)
                0x000000000800b4d0                _etext = .

.vfp11_veneer   0x000000000800b4d0        0x0
 .vfp11_veneer  0x000000000800b4d0        0x0 linker stubs

.v4_bx          0x000000000800b4d0        0x0
 .v4_bx         0x000000000800b4d0        0x0 linker stubs

.iplt           0x000000000800b4d0        0x0
 .iplt          0x000000000800b4d0        0x0 /usr/local/Cellar/arm-none-eabi-gcc/10.3-2021.07/gcc/bin/../lib/gcc/arm-none-eabi/10.3.1/thumb/v7-m/nofp/crtbegin.o

.rodata         0x000000000800b4d0      0x488
                0x000000000800b4d0                . = ALIGN (0x4)
 *(.rodata)
 *(.rodata*)
 .rodata.HAL_UART_RxCpltCallback.str1.4
                0x000000000800b4d0       0x36 CMakeFiles/Pin_Robot.elf.dir/Core/Src/main.c.obj
 *fill*         0x000000000800b506        0x2 
 .rodata.main.str1.4
                0x000000000800b508       0x61 CMakeFiles/Pin_Robot.elf.dir/Core/Src/main.c.obj
 *fill*         0x000000000800b569        0x3 
 .rodata.cmd1   0x000000000800b56c        0x9 CMakeFiles/Pin_Robot.elf.dir/Core/Src/main.c.obj
                0x000000000800b56c                cmd1
 *fill*         0x000000000800b575        0x3 
 .rodata.AHBPrescTable
                0x000000000800b578       0x10 CMakeFiles/Pin_Robot.elf.dir/Core/Src/system_stm32f1xx.c.obj
                0x000000000800b578                AHBPrescTable
 .rodata.APBPrescTable
                0x000000000800b588        0x8 CMakeFiles/Pin_Robot.elf.dir/Core/Src/system_stm32f1xx.c.obj
                0x000000000800b588                APBPrescTable
 .rodata.HAL_RCC_GetSysClockFreq.str1.4
                0x000000000800b590       0x11 CMakeFiles/Pin_Robot.elf.dir/Drivers/STM32F1xx_HAL_Driver/Src/stm32f1xx_hal_rcc.c.obj
 *fill*         0x000000000800b5a1        0x3 
 .rodata._global_impure_ptr
                0x000000000800b5a4        0x4 /usr/local/Cellar/arm-none-eabi-gcc/10.3-2021.07/gcc/bin/../lib/gcc/arm-none-eabi/10.3.1/../../../../arm-none-eabi/lib/thumb/v7-m/nofp/libg.a(lib_a-impure.o)
                0x000000000800b5a4                _global_impure_ptr
 .rodata._puts_r.str1.4
                0x000000000800b5a8       0x11 /usr/local/Cellar/arm-none-eabi-gcc/10.3-2021.07/gcc/bin/../lib/gcc/arm-none-eabi/10.3.1/../../../../arm-none-eabi/lib/thumb/v7-m/nofp/libg.a(lib_a-puts.o)
                                          0x2 (size before relaxing)
 .rodata._vfprintf_r.str1.4
                0x000000000800b5a8       0x42 /usr/local/Cellar/arm-none-eabi-gcc/10.3-2021.07/gcc/bin/../lib/gcc/arm-none-eabi/10.3.1/../../../../arm-none-eabi/lib/thumb/v7-m/nofp/libg.a(lib_a-vfprintf.o)
 *fill*         0x000000000800b5ea        0x2 
 .rodata.blanks.1
                0x000000000800b5ec       0x10 /usr/local/Cellar/arm-none-eabi-gcc/10.3-2021.07/gcc/bin/../lib/gcc/arm-none-eabi/10.3.1/../../../../arm-none-eabi/lib/thumb/v7-m/nofp/libg.a(lib_a-vfprintf.o)
 .rodata.zeroes.0
                0x000000000800b5fc       0x10 /usr/local/Cellar/arm-none-eabi-gcc/10.3-2021.07/gcc/bin/../lib/gcc/arm-none-eabi/10.3.1/../../../../arm-none-eabi/lib/thumb/v7-m/nofp/libg.a(lib_a-vfprintf.o)
 .rodata._dtoa_r.str1.4
                0x000000000800b60c       0x7e /usr/local/Cellar/arm-none-eabi-gcc/10.3-2021.07/gcc/bin/../lib/gcc/arm-none-eabi/10.3.1/../../../../arm-none-eabi/lib/thumb/v7-m/nofp/libg.a(lib_a-dtoa.o)
                                         0x82 (size before relaxing)
 *fill*         0x000000000800b68a        0x2 
 .rodata.__multadd.str1.4
                0x000000000800b68c       0x5b /usr/local/Cellar/arm-none-eabi-gcc/10.3-2021.07/gcc/bin/../lib/gcc/arm-none-eabi/10.3.1/../../../../arm-none-eabi/lib/thumb/v7-m/nofp/libg.a(lib_a-mprec.o)
                                         0x6f (size before relaxing)
 *fill*         0x000000000800b6e7        0x1 
 .rodata.__mprec_bigtens
                0x000000000800b6e8       0x28 /usr/local/Cellar/arm-none-eabi-gcc/10.3-2021.07/gcc/bin/../lib/gcc/arm-none-eabi/10.3.1/../../../../arm-none-eabi/lib/thumb/v7-m/nofp/libg.a(lib_a-mprec.o)
                0x000000000800b6e8                __mprec_bigtens
 .rodata.__mprec_tens
                0x000000000800b710       0xc8 /usr/local/Cellar/arm-none-eabi-gcc/10.3-2021.07/gcc/bin/../lib/gcc/arm-none-eabi/10.3.1/../../../../arm-none-eabi/lib/thumb/v7-m/nofp/libg.a(lib_a-mprec.o)
                0x000000000800b710                __mprec_tens
 .rodata.p05.0  0x000000000800b7d8        0xc /usr/local/Cellar/arm-none-eabi-gcc/10.3-2021.07/gcc/bin/../lib/gcc/arm-none-eabi/10.3.1/../../../../arm-none-eabi/lib/thumb/v7-m/nofp/libg.a(lib_a-mprec.o)
 .rodata._vfiprintf_r.str1.4
                0x000000000800b7e4       0x2f /usr/local/Cellar/arm-none-eabi-gcc/10.3-2021.07/gcc/bin/../lib/gcc/arm-none-eabi/10.3.1/../../../../arm-none-eabi/lib/thumb/v7-m/nofp/libg.a(lib_a-vfiprintf.o)
 .rodata.blanks.1
                0x000000000800b7e4       0x10 /usr/local/Cellar/arm-none-eabi-gcc/10.3-2021.07/gcc/bin/../lib/gcc/arm-none-eabi/10.3.1/../../../../arm-none-eabi/lib/thumb/v7-m/nofp/libg.a(lib_a-vfiprintf.o)
 .rodata.zeroes.0
                0x000000000800b7f4       0x10 /usr/local/Cellar/arm-none-eabi-gcc/10.3-2021.07/gcc/bin/../lib/gcc/arm-none-eabi/10.3.1/../../../../arm-none-eabi/lib/thumb/v7-m/nofp/libg.a(lib_a-vfiprintf.o)
 .rodata.__assert_func.str1.4
                0x000000000800b804       0x3f /usr/local/Cellar/arm-none-eabi-gcc/10.3-2021.07/gcc/bin/../lib/gcc/arm-none-eabi/10.3.1/../../../../arm-none-eabi/lib/thumb/v7-m/nofp/libg.a(lib_a-assert.o)
                                         0x43 (size before relaxing)
 *fill*         0x000000000800b843        0x1 
 .rodata._setlocale_r.str1.4
                0x000000000800b844        0xa /usr/local/Cellar/arm-none-eabi-gcc/10.3-2021.07/gcc/bin/../lib/gcc/arm-none-eabi/10.3.1/../../../../arm-none-eabi/lib/thumb/v7-m/nofp/libg.a(lib_a-locale.o)
                                          0xd (size before relaxing)
 *fill*         0x000000000800b84e        0x2 
 .rodata.str1.4
                0x000000000800b850        0x2 /usr/local/Cellar/arm-none-eabi-gcc/10.3-2021.07/gcc/bin/../lib/gcc/arm-none-eabi/10.3.1/../../../../arm-none-eabi/lib/thumb/v7-m/nofp/libg.a(lib_a-locale.o)
 *fill*         0x000000000800b852        0x2 
 .rodata._ctype_
                0x000000000800b854      0x101 /usr/local/Cellar/arm-none-eabi-gcc/10.3-2021.07/gcc/bin/../lib/gcc/arm-none-eabi/10.3.1/../../../../arm-none-eabi/lib/thumb/v7-m/nofp/libg.a(lib_a-ctype_.o)
                0x000000000800b854                _ctype_
                0x000000000800b958                . = ALIGN (0x4)
 *fill*         0x000000000800b955        0x3 

.ARM.extab      0x000000000800b958        0x0
                0x000000000800b958                . = ALIGN (0x4)
 *(.ARM.extab* .gnu.linkonce.armextab.*)
                0x000000000800b958                . = ALIGN (0x4)

.ARM            0x000000000800b958        0x8
                0x000000000800b958                . = ALIGN (0x4)
                0x000000000800b958                __exidx_start = .
 *(.ARM.exidx*)
 .ARM.exidx     0x000000000800b958        0x8 /usr/local/Cellar/arm-none-eabi-gcc/10.3-2021.07/gcc/bin/../lib/gcc/arm-none-eabi/10.3.1/thumb/v7-m/nofp/libgcc.a(_udivmoddi4.o)
                0x000000000800b960                __exidx_end = .
                0x000000000800b960                . = ALIGN (0x4)

.rel.dyn        0x000000000800b960        0x0
 .rel.iplt      0x000000000800b960        0x0 /usr/local/Cellar/arm-none-eabi-gcc/10.3-2021.07/gcc/bin/../lib/gcc/arm-none-eabi/10.3.1/thumb/v7-m/nofp/crtbegin.o

.preinit_array  0x000000000800b960        0x0
                0x000000000800b960                . = ALIGN (0x4)
                0x000000000800b960                PROVIDE (__preinit_array_start = .)
 *(.preinit_array*)
                0x000000000800b960                PROVIDE (__preinit_array_end = .)
                0x000000000800b960                . = ALIGN (0x4)

.init_array     0x000000000800b960        0x8
                0x000000000800b960                . = ALIGN (0x4)
                0x000000000800b960                PROVIDE (__init_array_start = .)
 *(SORT_BY_NAME(.init_array.*))
 .init_array.00000
                0x000000000800b960        0x4 /usr/local/Cellar/arm-none-eabi-gcc/10.3-2021.07/gcc/bin/../lib/gcc/arm-none-eabi/10.3.1/../../../../arm-none-eabi/lib/thumb/v7-m/nofp/libg.a(lib_a-__call_atexit.o)
 *(.init_array*)
 .init_array    0x000000000800b964        0x4 /usr/local/Cellar/arm-none-eabi-gcc/10.3-2021.07/gcc/bin/../lib/gcc/arm-none-eabi/10.3.1/thumb/v7-m/nofp/crtbegin.o
                0x000000000800b968                PROVIDE (__init_array_end = .)
                0x000000000800b968                . = ALIGN (0x4)

.fini_array     0x000000000800b968        0x4
                0x000000000800b968                . = ALIGN (0x4)
                0x000000000800b968                PROVIDE (__fini_array_start = .)
 *(SORT_BY_NAME(.fini_array.*))
 *(.fini_array*)
 .fini_array    0x000000000800b968        0x4 /usr/local/Cellar/arm-none-eabi-gcc/10.3-2021.07/gcc/bin/../lib/gcc/arm-none-eabi/10.3.1/thumb/v7-m/nofp/crtbegin.o
                0x000000000800b96c                PROVIDE (__fini_array_end = .)
                0x000000000800b96c                . = ALIGN (0x4)
                0x000000000800b96c                _sidata = LOADADDR (.data)

.data           0x0000000020000000      0x9c0 load address 0x000000000800b96c
                0x0000000020000000                . = ALIGN (0x4)
                0x0000000020000000                _sdata = .
 *(.data)
 *(.data*)
 .data.TargetSpeed
                0x0000000020000000        0x2 CMakeFiles/Pin_Robot.elf.dir/Core/Src/main.c.obj
                0x0000000020000000                TargetSpeed
 *fill*         0x0000000020000002        0x2 
 .data.SystemCoreClock
                0x0000000020000004        0x4 CMakeFiles/Pin_Robot.elf.dir/Core/Src/system_stm32f1xx.c.obj
                0x0000000020000004                SystemCoreClock
 .data.uwTickFreq
                0x0000000020000008        0x1 CMakeFiles/Pin_Robot.elf.dir/Drivers/STM32F1xx_HAL_Driver/Src/stm32f1xx_hal.c.obj
                0x0000000020000008                uwTickFreq
 *fill*         0x0000000020000009        0x3 
 .data.uwTickPrio
                0x000000002000000c        0x4 CMakeFiles/Pin_Robot.elf.dir/Drivers/STM32F1xx_HAL_Driver/Src/stm32f1xx_hal.c.obj
                0x000000002000000c                uwTickPrio
 .data._impure_ptr
                0x0000000020000010        0x4 /usr/local/Cellar/arm-none-eabi-gcc/10.3-2021.07/gcc/bin/../lib/gcc/arm-none-eabi/10.3.1/../../../../arm-none-eabi/lib/thumb/v7-m/nofp/libg.a(lib_a-impure.o)
                0x0000000020000010                _impure_ptr
 *fill*         0x0000000020000014        0x4 
 .data.impure_data
                0x0000000020000018      0x428 /usr/local/Cellar/arm-none-eabi-gcc/10.3-2021.07/gcc/bin/../lib/gcc/arm-none-eabi/10.3.1/../../../../arm-none-eabi/lib/thumb/v7-m/nofp/libg.a(lib_a-impure.o)
 .data.__atexit_recursive_mutex
                0x0000000020000440        0x4 /usr/local/Cellar/arm-none-eabi-gcc/10.3-2021.07/gcc/bin/../lib/gcc/arm-none-eabi/10.3.1/../../../../arm-none-eabi/lib/thumb/v7-m/nofp/libg.a(lib_a-__call_atexit.o)
                0x0000000020000440                __atexit_recursive_mutex
 .data.__malloc_av_
                0x0000000020000444      0x408 /usr/local/Cellar/arm-none-eabi-gcc/10.3-2021.07/gcc/bin/../lib/gcc/arm-none-eabi/10.3.1/../../../../arm-none-eabi/lib/thumb/v7-m/nofp/libg.a(lib_a-mallocr.o)
                0x0000000020000444                __malloc_av_
 .data.__malloc_sbrk_base
                0x000000002000084c        0x4 /usr/local/Cellar/arm-none-eabi-gcc/10.3-2021.07/gcc/bin/../lib/gcc/arm-none-eabi/10.3.1/../../../../arm-none-eabi/lib/thumb/v7-m/nofp/libg.a(lib_a-mallocr.o)
                0x000000002000084c                __malloc_sbrk_base
 .data.__malloc_trim_threshold
                0x0000000020000850        0x4 /usr/local/Cellar/arm-none-eabi-gcc/10.3-2021.07/gcc/bin/../lib/gcc/arm-none-eabi/10.3.1/../../../../arm-none-eabi/lib/thumb/v7-m/nofp/libg.a(lib_a-mallocr.o)
                0x0000000020000850                __malloc_trim_threshold
 .data.__global_locale
                0x0000000020000854      0x16c /usr/local/Cellar/arm-none-eabi-gcc/10.3-2021.07/gcc/bin/../lib/gcc/arm-none-eabi/10.3.1/../../../../arm-none-eabi/lib/thumb/v7-m/nofp/libg.a(lib_a-locale.o)
                0x0000000020000854                __global_locale
 *(.RamFunc)
 *(.RamFunc*)
                0x00000000200009c0                . = ALIGN (0x4)
                0x00000000200009c0                _edata = .

.igot.plt       0x00000000200009c0        0x0 load address 0x000000000800c32c
 .igot.plt      0x00000000200009c0        0x0 /usr/local/Cellar/arm-none-eabi-gcc/10.3-2021.07/gcc/bin/../lib/gcc/arm-none-eabi/10.3.1/thumb/v7-m/nofp/crtbegin.o
                0x00000000200009c0                . = ALIGN (0x4)

.bss            0x00000000200009c0      0x510 load address 0x000000000800c32c
                0x00000000200009c0                _sbss = .
                0x00000000200009c0                __bss_start__ = _sbss
 *(.bss)
 .bss           0x00000000200009c0       0x1c /usr/local/Cellar/arm-none-eabi-gcc/10.3-2021.07/gcc/bin/../lib/gcc/arm-none-eabi/10.3.1/thumb/v7-m/nofp/crtbegin.o
 *(.bss*)
 .bss.Error_last.7
                0x00000000200009dc        0x2 CMakeFiles/Pin_Robot.elf.dir/Core/Src/PID.c.obj
 .bss.Error_last2.5
                0x00000000200009de        0x2 CMakeFiles/Pin_Robot.elf.dir/Core/Src/PID.c.obj
 .bss.Error_last3.3
                0x00000000200009e0        0x2 CMakeFiles/Pin_Robot.elf.dir/Core/Src/PID.c.obj
 .bss.Error_last4.1
                0x00000000200009e2        0x2 CMakeFiles/Pin_Robot.elf.dir/Core/Src/PID.c.obj
 .bss.Error_prev.6
                0x00000000200009e4        0x2 CMakeFiles/Pin_Robot.elf.dir/Core/Src/PID.c.obj
 .bss.Error_prev2.4
                0x00000000200009e6        0x2 CMakeFiles/Pin_Robot.elf.dir/Core/Src/PID.c.obj
 .bss.Error_prev3.2
                0x00000000200009e8        0x2 CMakeFiles/Pin_Robot.elf.dir/Core/Src/PID.c.obj
 .bss.Error_prev4.0
                0x00000000200009ea        0x2 CMakeFiles/Pin_Robot.elf.dir/Core/Src/PID.c.obj
 .bss.hadc1     0x00000000200009ec       0x30 CMakeFiles/Pin_Robot.elf.dir/Core/Src/adc.c.obj
                0x00000000200009ec                hadc1
 .bss.hi2c1     0x0000000020000a1c       0x54 CMakeFiles/Pin_Robot.elf.dir/Core/Src/i2c.c.obj
                0x0000000020000a1c                hi2c1
 .bss.distance  0x0000000020000a70       0x10 CMakeFiles/Pin_Robot.elf.dir/Core/Src/main.c.obj
                0x0000000020000a70                distance
 .bss.receiveDis
                0x0000000020000a80        0xc CMakeFiles/Pin_Robot.elf.dir/Core/Src/main.c.obj
                0x0000000020000a80                receiveDis
 .bss.rx_data   0x0000000020000a8c       0x64 CMakeFiles/Pin_Robot.elf.dir/Core/Src/main.c.obj
                0x0000000020000a8c                rx_data
 .bss.speed     0x0000000020000af0        0x1 CMakeFiles/Pin_Robot.elf.dir/Core/Src/main.c.obj
                0x0000000020000af0                speed
 .bss.speed2    0x0000000020000af1        0x1 CMakeFiles/Pin_Robot.elf.dir/Core/Src/main.c.obj
                0x0000000020000af1                speed2
 .bss.speed3    0x0000000020000af2        0x1 CMakeFiles/Pin_Robot.elf.dir/Core/Src/main.c.obj
                0x0000000020000af2                speed3
 .bss.speed4    0x0000000020000af3        0x1 CMakeFiles/Pin_Robot.elf.dir/Core/Src/main.c.obj
                0x0000000020000af3                speed4
 .bss.__sbrk_heap_end
                0x0000000020000af4        0x4 CMakeFiles/Pin_Robot.elf.dir/Core/Src/sysmem.c.obj
 .bss.htim1     0x0000000020000af8       0x48 CMakeFiles/Pin_Robot.elf.dir/Core/Src/tim.c.obj
                0x0000000020000af8                htim1
 .bss.htim2     0x0000000020000b40       0x48 CMakeFiles/Pin_Robot.elf.dir/Core/Src/tim.c.obj
                0x0000000020000b40                htim2
 .bss.htim4     0x0000000020000b88       0x48 CMakeFiles/Pin_Robot.elf.dir/Core/Src/tim.c.obj
                0x0000000020000b88                htim4
 .bss.htim5     0x0000000020000bd0       0x48 CMakeFiles/Pin_Robot.elf.dir/Core/Src/tim.c.obj
                0x0000000020000bd0                htim5
 .bss.htim7     0x0000000020000c18       0x48 CMakeFiles/Pin_Robot.elf.dir/Core/Src/tim.c.obj
                0x0000000020000c18                htim7
 .bss.htim8     0x0000000020000c60       0x48 CMakeFiles/Pin_Robot.elf.dir/Core/Src/tim.c.obj
                0x0000000020000c60                htim8
 .bss.hdma_usart3_rx
                0x0000000020000ca8       0x44 CMakeFiles/Pin_Robot.elf.dir/Core/Src/usart.c.obj
                0x0000000020000ca8                hdma_usart3_rx
 .bss.hdma_usart3_tx
                0x0000000020000cec       0x44 CMakeFiles/Pin_Robot.elf.dir/Core/Src/usart.c.obj
                0x0000000020000cec                hdma_usart3_tx
 .bss.huart1    0x0000000020000d30       0x44 CMakeFiles/Pin_Robot.elf.dir/Core/Src/usart.c.obj
                0x0000000020000d30                huart1
 .bss.huart2    0x0000000020000d74       0x44 CMakeFiles/Pin_Robot.elf.dir/Core/Src/usart.c.obj
                0x0000000020000d74                huart2
 .bss.huart3    0x0000000020000db8       0x44 CMakeFiles/Pin_Robot.elf.dir/Core/Src/usart.c.obj
                0x0000000020000db8                huart3
 .bss.huart4    0x0000000020000dfc       0x44 CMakeFiles/Pin_Robot.elf.dir/Core/Src/usart.c.obj
                0x0000000020000dfc                huart4
 .bss.huart5    0x0000000020000e40       0x44 CMakeFiles/Pin_Robot.elf.dir/Core/Src/usart.c.obj
                0x0000000020000e40                huart5
 .bss.uwTick    0x0000000020000e84        0x4 CMakeFiles/Pin_Robot.elf.dir/Drivers/STM32F1xx_HAL_Driver/Src/stm32f1xx_hal.c.obj
                0x0000000020000e84                uwTick
 .bss.__lock___atexit_recursive_mutex
                0x0000000020000e88        0x1 /usr/local/Cellar/arm-none-eabi-gcc/10.3-2021.07/gcc/bin/../lib/gcc/arm-none-eabi/10.3.1/../../../../arm-none-eabi/lib/thumb/v7-m/nofp/libg.a(lib_a-lock.o)
                0x0000000020000e88                __lock___atexit_recursive_mutex
 *fill*         0x0000000020000e89        0x3 
 .bss.__lock___malloc_recursive_mutex
                0x0000000020000e8c        0x1 /usr/local/Cellar/arm-none-eabi-gcc/10.3-2021.07/gcc/bin/../lib/gcc/arm-none-eabi/10.3.1/../../../../arm-none-eabi/lib/thumb/v7-m/nofp/libg.a(lib_a-lock.o)
                0x0000000020000e8c                __lock___malloc_recursive_mutex
 *fill*         0x0000000020000e8d        0x3 
 .bss.__lock___sfp_recursive_mutex
                0x0000000020000e90        0x1 /usr/local/Cellar/arm-none-eabi-gcc/10.3-2021.07/gcc/bin/../lib/gcc/arm-none-eabi/10.3.1/../../../../arm-none-eabi/lib/thumb/v7-m/nofp/libg.a(lib_a-lock.o)
                0x0000000020000e90                __lock___sfp_recursive_mutex
 *fill*         0x0000000020000e91        0x3 
 .bss.__lock___sinit_recursive_mutex
                0x0000000020000e94        0x1 /usr/local/Cellar/arm-none-eabi-gcc/10.3-2021.07/gcc/bin/../lib/gcc/arm-none-eabi/10.3.1/../../../../arm-none-eabi/lib/thumb/v7-m/nofp/libg.a(lib_a-lock.o)
                0x0000000020000e94                __lock___sinit_recursive_mutex
 *fill*         0x0000000020000e95        0x3 
 .bss.__malloc_current_mallinfo
                0x0000000020000e98       0x28 /usr/local/Cellar/arm-none-eabi-gcc/10.3-2021.07/gcc/bin/../lib/gcc/arm-none-eabi/10.3.1/../../../../arm-none-eabi/lib/thumb/v7-m/nofp/libg.a(lib_a-mallocr.o)
                0x0000000020000e98                __malloc_current_mallinfo
 .bss.__malloc_max_sbrked_mem
                0x0000000020000ec0        0x4 /usr/local/Cellar/arm-none-eabi-gcc/10.3-2021.07/gcc/bin/../lib/gcc/arm-none-eabi/10.3.1/../../../../arm-none-eabi/lib/thumb/v7-m/nofp/libg.a(lib_a-mallocr.o)
                0x0000000020000ec0                __malloc_max_sbrked_mem
 .bss.__malloc_max_total_mem
                0x0000000020000ec4        0x4 /usr/local/Cellar/arm-none-eabi-gcc/10.3-2021.07/gcc/bin/../lib/gcc/arm-none-eabi/10.3.1/../../../../arm-none-eabi/lib/thumb/v7-m/nofp/libg.a(lib_a-mallocr.o)
                0x0000000020000ec4                __malloc_max_total_mem
 .bss.__malloc_top_pad
                0x0000000020000ec8        0x4 /usr/local/Cellar/arm-none-eabi-gcc/10.3-2021.07/gcc/bin/../lib/gcc/arm-none-eabi/10.3.1/../../../../arm-none-eabi/lib/thumb/v7-m/nofp/libg.a(lib_a-mallocr.o)
                0x0000000020000ec8                __malloc_top_pad
 .bss.errno     0x0000000020000ecc        0x4 /usr/local/Cellar/arm-none-eabi-gcc/10.3-2021.07/gcc/bin/../lib/gcc/arm-none-eabi/10.3.1/../../../../arm-none-eabi/lib/thumb/v7-m/nofp/libg.a(lib_a-reent.o)
                0x0000000020000ecc                errno
 *(COMMON)
                0x0000000020000ed0                . = ALIGN (0x4)
                0x0000000020000ed0                _ebss = .
                0x0000000020000ed0                __bss_end__ = _ebss

._user_heap_stack
                0x0000000020000ed0      0x600 load address 0x000000000800c32c
                0x0000000020000ed0                . = ALIGN (0x8)
                [!provide]                        PROVIDE (end = .)
                0x0000000020000ed0                PROVIDE (_end = .)
                0x00000000200010d0                . = (. + _Min_Heap_Size)
 *fill*         0x0000000020000ed0      0x200 
                0x00000000200014d0                . = (. + _Min_Stack_Size)
 *fill*         0x00000000200010d0      0x400 
                0x00000000200014d0                . = ALIGN (0x8)

/DISCARD/
 libc.a(*)
 libm.a(*)
 libgcc.a(*)

.ARM.attributes
                0x0000000000000000       0x29
 *(.ARM.attributes)
 .ARM.attributes
                0x0000000000000000       0x1d /usr/local/Cellar/arm-none-eabi-gcc/10.3-2021.07/gcc/bin/../lib/gcc/arm-none-eabi/10.3.1/thumb/v7-m/nofp/crti.o
 .ARM.attributes
                0x000000000000001d       0x2d /usr/local/Cellar/arm-none-eabi-gcc/10.3-2021.07/gcc/bin/../lib/gcc/arm-none-eabi/10.3.1/thumb/v7-m/nofp/crtbegin.o
 .ARM.attributes
                0x000000000000004a       0x2d CMakeFiles/Pin_Robot.elf.dir/Core/Src/PID.c.obj
 .ARM.attributes
                0x0000000000000077       0x2d CMakeFiles/Pin_Robot.elf.dir/Core/Src/adc.c.obj
 .ARM.attributes
                0x00000000000000a4       0x2d CMakeFiles/Pin_Robot.elf.dir/Core/Src/dma.c.obj
 .ARM.attributes
                0x00000000000000d1       0x2d CMakeFiles/Pin_Robot.elf.dir/Core/Src/gpio.c.obj
 .ARM.attributes
                0x00000000000000fe       0x2d CMakeFiles/Pin_Robot.elf.dir/Core/Src/i2c.c.obj
 .ARM.attributes
                0x000000000000012b       0x2d CMakeFiles/Pin_Robot.elf.dir/Core/Src/laser.c.obj
 .ARM.attributes
                0x0000000000000158       0x2d CMakeFiles/Pin_Robot.elf.dir/Core/Src/main.c.obj
 .ARM.attributes
                0x0000000000000185       0x2d CMakeFiles/Pin_Robot.elf.dir/Core/Src/motor.c.obj
 .ARM.attributes
                0x00000000000001b2       0x2d CMakeFiles/Pin_Robot.elf.dir/Core/Src/stm32f1xx_hal_msp.c.obj
 .ARM.attributes
                0x00000000000001df       0x2d CMakeFiles/Pin_Robot.elf.dir/Core/Src/stm32f1xx_it.c.obj
 .ARM.attributes
                0x000000000000020c       0x2d CMakeFiles/Pin_Robot.elf.dir/Core/Src/syscalls.c.obj
 .ARM.attributes
                0x0000000000000239       0x2d CMakeFiles/Pin_Robot.elf.dir/Core/Src/sysmem.c.obj
 .ARM.attributes
                0x0000000000000266       0x2d CMakeFiles/Pin_Robot.elf.dir/Core/Src/system_stm32f1xx.c.obj
 .ARM.attributes
                0x0000000000000293       0x2d CMakeFiles/Pin_Robot.elf.dir/Core/Src/tim.c.obj
 .ARM.attributes
                0x00000000000002c0       0x2d CMakeFiles/Pin_Robot.elf.dir/Core/Src/usart.c.obj
 .ARM.attributes
                0x00000000000002ed       0x21 CMakeFiles/Pin_Robot.elf.dir/Core/Startup/startup_stm32f103zetx.s.obj
 .ARM.attributes
                0x000000000000030e       0x2d CMakeFiles/Pin_Robot.elf.dir/Drivers/STM32F1xx_HAL_Driver/Src/stm32f1xx_hal.c.obj
 .ARM.attributes
                0x000000000000033b       0x2d CMakeFiles/Pin_Robot.elf.dir/Drivers/STM32F1xx_HAL_Driver/Src/stm32f1xx_hal_adc.c.obj
 .ARM.attributes
                0x0000000000000368       0x2d CMakeFiles/Pin_Robot.elf.dir/Drivers/STM32F1xx_HAL_Driver/Src/stm32f1xx_hal_cortex.c.obj
 .ARM.attributes
                0x0000000000000395       0x2d CMakeFiles/Pin_Robot.elf.dir/Drivers/STM32F1xx_HAL_Driver/Src/stm32f1xx_hal_dma.c.obj
 .ARM.attributes
                0x00000000000003c2       0x2d CMakeFiles/Pin_Robot.elf.dir/Drivers/STM32F1xx_HAL_Driver/Src/stm32f1xx_hal_gpio.c.obj
 .ARM.attributes
                0x00000000000003ef       0x2d CMakeFiles/Pin_Robot.elf.dir/Drivers/STM32F1xx_HAL_Driver/Src/stm32f1xx_hal_gpio_ex.c.obj
 .ARM.attributes
                0x000000000000041c       0x2d CMakeFiles/Pin_Robot.elf.dir/Drivers/STM32F1xx_HAL_Driver/Src/stm32f1xx_hal_i2c.c.obj
 .ARM.attributes
                0x0000000000000449       0x2d CMakeFiles/Pin_Robot.elf.dir/Drivers/STM32F1xx_HAL_Driver/Src/stm32f1xx_hal_rcc.c.obj
 .ARM.attributes
                0x0000000000000476       0x2d CMakeFiles/Pin_Robot.elf.dir/Drivers/STM32F1xx_HAL_Driver/Src/stm32f1xx_hal_rcc_ex.c.obj
 .ARM.attributes
                0x00000000000004a3       0x2d CMakeFiles/Pin_Robot.elf.dir/Drivers/STM32F1xx_HAL_Driver/Src/stm32f1xx_hal_tim.c.obj
 .ARM.attributes
                0x00000000000004d0       0x2d CMakeFiles/Pin_Robot.elf.dir/Drivers/STM32F1xx_HAL_Driver/Src/stm32f1xx_hal_tim_ex.c.obj
 .ARM.attributes
                0x00000000000004fd       0x2d CMakeFiles/Pin_Robot.elf.dir/Drivers/STM32F1xx_HAL_Driver/Src/stm32f1xx_hal_uart.c.obj
 .ARM.attributes
                0x000000000000052a       0x1d /usr/local/Cellar/arm-none-eabi-gcc/10.3-2021.07/gcc/bin/../lib/gcc/arm-none-eabi/10.3.1/thumb/v7-m/nofp/libgcc.a(_arm_addsubdf3.o)
 .ARM.attributes
                0x0000000000000547       0x1d /usr/local/Cellar/arm-none-eabi-gcc/10.3-2021.07/gcc/bin/../lib/gcc/arm-none-eabi/10.3.1/thumb/v7-m/nofp/libgcc.a(_arm_fixdfsi.o)
 .ARM.attributes
                0x0000000000000564       0x1d /usr/local/Cellar/arm-none-eabi-gcc/10.3-2021.07/gcc/bin/../lib/gcc/arm-none-eabi/10.3.1/thumb/v7-m/nofp/libgcc.a(_arm_addsubsf3.o)
 .ARM.attributes
                0x0000000000000581       0x2d /usr/local/Cellar/arm-none-eabi-gcc/10.3-2021.07/gcc/bin/../lib/gcc/arm-none-eabi/10.3.1/../../../../arm-none-eabi/lib/thumb/v7-m/nofp/libg.a(lib_a-errno.o)
 .ARM.attributes
                0x00000000000005ae       0x2d /usr/local/Cellar/arm-none-eabi-gcc/10.3-2021.07/gcc/bin/../lib/gcc/arm-none-eabi/10.3.1/../../../../arm-none-eabi/lib/thumb/v7-m/nofp/libg.a(lib_a-impure.o)
 .ARM.attributes